0 verbose cli C:\Program Files\nodejs\node.exe C:\Program Files\nodejs\node_modules\npm\bin\npm-cli.js
1 info using npm@10.8.2
2 info using node@v20.20.0
3 silly config load:file:C:\Program Files\nodejs\node_modules\npm\npmrc
4 silly config load:file:C:\webdevmin1\localvibe_client_complete\localvibe-client\server\.npmrc
5 silly config load:file:C:\Users\Muska\.npmrc
6 silly config load:file:C:\Users\Muska\AppData\Roaming\npm\etc\npmrc
7 verbose title npm install express cors dotenv
8 verbose argv "install" "express" "cors" "dotenv"
9 verbose logfile logs-max:10 dir:C:\webdevmin1\localvibe_client_complete\localvibe-client\server\.npm-cache\_logs\2026-02-09T23_15_32_085Z-
10 verbose logfile C:\webdevmin1\localvibe_client_complete\localvibe-client\server\.npm-cache\_logs\2026-02-09T23_15_32_085Z-debug-0.log
11 silly packumentCache heap:2197815296 maxSize:549453824 maxEntrySize:274726912
12 silly logfile done cleaning log files
13 silly idealTree buildDeps
14 silly fetch manifest express@*
15 silly packumentCache full:https://registry.npmjs.org/express cache-miss
16 http fetch GET 200 https://registry.npmjs.org/express 1028ms (cache miss)
17 silly packumentCache full:https://registry.npmjs.org/express set size:undefined disposed:false
18 silly fetch manifest cors@*
19 silly packumentCache full:https://registry.npmjs.org/cors cache-miss
20 http fetch GET 200 https://registry.npmjs.org/cors 189ms (cache miss)
21 silly packumentCache full:https://registry.npmjs.org/cors set size:undefined disposed:false
22 silly fetch manifest dotenv@*
23 silly packumentCache full:https://registry.npmjs.org/dotenv cache-miss
24 http fetch GET 200 https://registry.npmjs.org/dotenv 200ms (cache miss)
25 silly packumentCache full:https://registry.npmjs.org/dotenv set size:undefined disposed:false
26 silly placeDep ROOT cors@2.8.6 OK for: server@1.0.0 want: *
27 silly placeDep ROOT dotenv@17.2.4 OK for: server@1.0.0 want: *
28 silly placeDep ROOT express@5.2.1 OK for: server@1.0.0 want: *
29 silly fetch manifest object-assign@^4
30 silly packumentCache full:https://registry.npmjs.org/object-assign cache-miss
31 silly fetch manifest vary@^1
32 silly packumentCache full:https://registry.npmjs.org/vary cache-miss
33 silly fetch manifest qs@^6.14.0
34 silly packumentCache full:https://registry.npmjs.org/qs cache-miss
35 silly fetch manifest depd@^2.0.0
36 silly packumentCache full:https://registry.npmjs.org/depd cache-miss
37 silly fetch manifest etag@^1.8.1
38 silly packumentCache full:https://registry.npmjs.org/etag cache-miss
39 silly fetch manifest once@^1.4.0
40 silly packumentCache full:https://registry.npmjs.org/once cache-miss
41 silly fetch manifest send@^1.1.0
42 silly packumentCache full:https://registry.npmjs.org/send cache-miss
43 silly fetch manifest vary@^1.1.2
44 silly packumentCache full:https://registry.npmjs.org/vary cache-miss
45 silly fetch manifest debug@^4.4.0
46 silly packumentCache full:https://registry.npmjs.org/debug cache-miss
47 silly fetch manifest fresh@^2.0.0
48 silly packumentCache full:https://registry.npmjs.org/fresh cache-miss
49 silly fetch manifest cookie@^0.7.1
50 silly packumentCache full:https://registry.npmjs.org/cookie cache-miss
51 http fetch GET 200 https://registry.npmjs.org/object-assign 187ms (cache miss)
52 silly packumentCache full:https://registry.npmjs.org/object-assign set size:undefined disposed:false
53 silly fetch manifest router@^2.2.0
54 silly packumentCache full:https://registry.npmjs.org/router cache-miss
55 http fetch GET 200 https://registry.npmjs.org/etag 414ms (cache miss)
56 silly packumentCache full:https://registry.npmjs.org/etag set size:undefined disposed:false
57 silly fetch manifest accepts@^2.0.0
58 silly packumentCache full:https://registry.npmjs.org/accepts cache-miss
59 http fetch GET 200 https://registry.npmjs.org/once 422ms (cache miss)
60 silly packumentCache full:https://registry.npmjs.org/once set size:undefined disposed:false
61 silly fetch manifest type-is@^2.0.1
62 silly packumentCache full:https://registry.npmjs.org/type-is cache-miss
63 http fetch GET 200 https://registry.npmjs.org/fresh 425ms (cache miss)
64 silly packumentCache full:https://registry.npmjs.org/fresh set size:undefined disposed:false
65 silly fetch manifest parseurl@^1.3.3
66 silly packumentCache full:https://registry.npmjs.org/parseurl cache-miss
67 http fetch GET 200 https://registry.npmjs.org/router 248ms (cache miss)
68 silly packumentCache full:https://registry.npmjs.org/router set size:undefined disposed:false
69 silly fetch manifest statuses@^2.0.1
70 silly packumentCache full:https://registry.npmjs.org/statuses cache-miss
71 http fetch GET 200 https://registry.npmjs.org/cookie 445ms (cache miss)
72 silly packumentCache full:https://registry.npmjs.org/cookie set size:undefined disposed:false
73 silly fetch manifest encodeurl@^2.0.0
74 silly packumentCache full:https://registry.npmjs.org/encodeurl cache-miss
75 http fetch GET 200 https://registry.npmjs.org/send 460ms (cache miss)
76 silly packumentCache full:https://registry.npmjs.org/send set size:undefined disposed:false
77 silly fetch manifest mime-types@^3.0.0
78 silly packumentCache full:https://registry.npmjs.org/mime-types cache-miss
79 http fetch GET 200 https://registry.npmjs.org/debug 475ms (cache miss)
80 silly packumentCache full:https://registry.npmjs.org/debug set size:undefined disposed:false
81 silly fetch manifest proxy-addr@^2.0.7
82 silly packumentCache full:https://registry.npmjs.org/proxy-addr cache-miss
83 http fetch GET 200 https://registry.npmjs.org/qs 489ms (cache miss)
84 silly packumentCache full:https://registry.npmjs.org/qs set size:undefined disposed:false
85 silly fetch manifest body-parser@^2.2.1
86 silly packumentCache full:https://registry.npmjs.org/body-parser cache-miss
87 http fetch GET 200 https://registry.npmjs.org/accepts 97ms (cache miss)
88 silly packumentCache full:https://registry.npmjs.org/accepts set size:undefined disposed:false
89 silly fetch manifest escape-html@^1.0.3
90 silly packumentCache full:https://registry.npmjs.org/escape-html cache-miss
91 http fetch GET 200 https://registry.npmjs.org/encodeurl 95ms (cache miss)
92 silly packumentCache full:https://registry.npmjs.org/encodeurl set size:undefined disposed:false
93 silly fetch manifest http-errors@^2.0.0
94 silly packumentCache full:https://registry.npmjs.org/http-errors cache-miss
95 http fetch GET 200 https://registry.npmjs.org/statuses 114ms (cache miss)
96 silly packumentCache full:https://registry.npmjs.org/statuses set size:undefined disposed:false
97 silly fetch manifest on-finished@^2.4.1
98 silly packumentCache full:https://registry.npmjs.org/on-finished cache-miss
99 http fetch GET 200 https://registry.npmjs.org/proxy-addr 105ms (cache miss)
100 silly packumentCache full:https://registry.npmjs.org/proxy-addr set size:undefined disposed:false
101 silly fetch manifest content-type@^1.0.5
102 silly packumentCache full:https://registry.npmjs.org/content-type cache-miss
103 http fetch GET 200 https://registry.npmjs.org/depd 603ms (cache miss)
104 silly packumentCache full:https://registry.npmjs.org/depd set size:undefined disposed:false
105 silly fetch manifest finalhandler@^2.1.0
106 silly packumentCache full:https://registry.npmjs.org/finalhandler cache-miss
107 http fetch GET 200 https://registry.npmjs.org/escape-html 100ms (cache miss)
108 silly packumentCache full:https://registry.npmjs.org/escape-html set size:undefined disposed:false
109 silly fetch manifest range-parser@^1.2.1
110 silly packumentCache full:https://registry.npmjs.org/range-parser cache-miss
111 http fetch GET 200 https://registry.npmjs.org/vary 625ms (cache miss)
112 silly packumentCache full:https://registry.npmjs.org/vary set size:undefined disposed:false
113 silly fetch manifest serve-static@^2.2.0
114 silly packumentCache full:https://registry.npmjs.org/serve-static cache-miss
115 http fetch GET 200 https://registry.npmjs.org/vary 657ms (cache miss)
116 silly packumentCache full:https://registry.npmjs.org/vary set size:undefined disposed:false
117 silly fetch manifest cookie-signature@^1.2.1
118 silly packumentCache full:https://registry.npmjs.org/cookie-signature cache-miss
119 http fetch GET 200 https://registry.npmjs.org/on-finished 114ms (cache miss)
120 silly packumentCache full:https://registry.npmjs.org/on-finished set size:undefined disposed:false
121 silly fetch manifest merge-descriptors@^2.0.0
122 silly packumentCache full:https://registry.npmjs.org/merge-descriptors cache-miss
123 http fetch GET 200 https://registry.npmjs.org/http-errors 127ms (cache miss)
124 silly packumentCache full:https://registry.npmjs.org/http-errors set size:undefined disposed:false
125 silly fetch manifest content-disposition@^1.0.0
126 silly packumentCache full:https://registry.npmjs.org/content-disposition cache-miss
127 http fetch GET 200 https://registry.npmjs.org/content-type 105ms (cache miss)
128 silly packumentCache full:https://registry.npmjs.org/content-type set size:undefined disposed:false
129 http fetch GET 200 https://registry.npmjs.org/range-parser 90ms (cache miss)
130 silly packumentCache full:https://registry.npmjs.org/range-parser set size:undefined disposed:false
131 http fetch GET 200 https://registry.npmjs.org/finalhandler 107ms (cache miss)
132 silly packumentCache full:https://registry.npmjs.org/finalhandler set size:undefined disposed:false
133 http fetch GET 200 https://registry.npmjs.org/serve-static 95ms (cache miss)
134 silly packumentCache full:https://registry.npmjs.org/serve-static set size:undefined disposed:false
135 http fetch GET 200 https://registry.npmjs.org/cookie-signature 105ms (cache miss)
136 silly packumentCache full:https://registry.npmjs.org/cookie-signature set size:undefined disposed:false
137 http fetch GET 200 https://registry.npmjs.org/content-disposition 87ms (cache miss)
138 silly packumentCache full:https://registry.npmjs.org/content-disposition set size:undefined disposed:false
139 http fetch GET 200 https://registry.npmjs.org/merge-descriptors 99ms (cache miss)
140 silly packumentCache full:https://registry.npmjs.org/merge-descriptors set size:undefined disposed:false
141 http fetch GET 200 https://registry.npmjs.org/parseurl 430ms (cache miss)
142 silly packumentCache full:https://registry.npmjs.org/parseurl set size:undefined disposed:false
143 http fetch GET 200 https://registry.npmjs.org/body-parser 417ms (cache miss)
144 silly packumentCache full:https://registry.npmjs.org/body-parser set size:undefined disposed:false
145 http fetch GET 200 https://registry.npmjs.org/mime-types 1033ms (cache miss)
146 silly packumentCache full:https://registry.npmjs.org/mime-types set size:undefined disposed:false
147 http fetch GET 200 https://registry.npmjs.org/type-is 1080ms (cache miss)
148 silly packumentCache full:https://registry.npmjs.org/type-is set size:undefined disposed:false
149 silly placeDep ROOT object-assign@4.1.1 OK for: cors@2.8.6 want: ^4
150 silly placeDep ROOT vary@1.1.2 OK for: cors@2.8.6 want: ^1
151 silly placeDep ROOT accepts@2.0.0 OK for: express@5.2.1 want: ^2.0.0
152 silly placeDep ROOT body-parser@2.2.2 OK for: express@5.2.1 want: ^2.2.1
153 silly placeDep ROOT content-disposition@1.0.1 OK for: express@5.2.1 want: ^1.0.0
154 silly placeDep ROOT content-type@1.0.5 OK for: express@5.2.1 want: ^1.0.5
155 silly placeDep ROOT cookie@0.7.2 OK for: express@5.2.1 want: ^0.7.1
156 silly placeDep ROOT cookie-signature@1.2.2 OK for: express@5.2.1 want: ^1.2.1
157 silly placeDep ROOT debug@4.4.3 OK for: express@5.2.1 want: ^4.4.0
158 silly placeDep ROOT depd@2.0.0 OK for: express@5.2.1 want: ^2.0.0
159 silly placeDep ROOT encodeurl@2.0.0 OK for: express@5.2.1 want: ^2.0.0
160 silly placeDep ROOT escape-html@1.0.3 OK for: express@5.2.1 want: ^1.0.3
161 silly placeDep ROOT etag@1.8.1 OK for: express@5.2.1 want: ^1.8.1
162 silly placeDep ROOT finalhandler@2.1.1 OK for: express@5.2.1 want: ^2.1.0
163 silly placeDep ROOT fresh@2.0.0 OK for: express@5.2.1 want: ^2.0.0
164 silly placeDep ROOT http-errors@2.0.1 OK for: express@5.2.1 want: ^2.0.0
165 silly placeDep ROOT merge-descriptors@2.0.0 OK for: express@5.2.1 want: ^2.0.0
166 silly placeDep ROOT mime-types@3.0.2 OK for: express@5.2.1 want: ^3.0.0
167 silly placeDep ROOT on-finished@2.4.1 OK for: express@5.2.1 want: ^2.4.1
168 silly placeDep ROOT once@1.4.0 OK for: express@5.2.1 want: ^1.4.0
169 silly placeDep ROOT parseurl@1.3.3 OK for: express@5.2.1 want: ^1.3.3
170 silly placeDep ROOT proxy-addr@2.0.7 OK for: express@5.2.1 want: ^2.0.7
171 silly placeDep ROOT qs@6.14.1 OK for: express@5.2.1 want: ^6.14.0
172 silly placeDep ROOT range-parser@1.2.1 OK for: express@5.2.1 want: ^1.2.1
173 silly placeDep ROOT router@2.2.0 OK for: express@5.2.1 want: ^2.2.0
174 silly placeDep ROOT send@1.2.1 OK for: express@5.2.1 want: ^1.1.0
175 silly placeDep ROOT serve-static@2.2.1 OK for: express@5.2.1 want: ^2.2.0
176 silly placeDep ROOT statuses@2.0.2 OK for: express@5.2.1 want: ^2.0.1
177 silly placeDep ROOT type-is@2.0.1 OK for: express@5.2.1 want: ^2.0.1
178 silly fetch manifest negotiator@^1.0.0
179 silly packumentCache full:https://registry.npmjs.org/negotiator cache-miss
180 silly fetch manifest bytes@^3.1.2
181 silly packumentCache full:https://registry.npmjs.org/bytes cache-miss
182 silly fetch manifest debug@^4.4.3
183 silly packumentCache full:https://registry.npmjs.org/debug cache-miss
184 silly fetch manifest iconv-lite@^0.7.0
185 silly packumentCache full:https://registry.npmjs.org/iconv-lite cache-miss
186 silly fetch manifest qs@^6.14.1
187 silly packumentCache full:https://registry.npmjs.org/qs cache-miss
188 silly fetch manifest raw-body@^3.0.1
189 silly packumentCache full:https://registry.npmjs.org/raw-body cache-miss
190 silly fetch manifest ms@^2.1.3
191 silly packumentCache full:https://registry.npmjs.org/ms cache-miss
192 silly fetch manifest inherits@~2.0.4
193 silly packumentCache full:https://registry.npmjs.org/inherits cache-miss
194 silly fetch manifest setprototypeof@~1.2.0
195 silly packumentCache full:https://registry.npmjs.org/setprototypeof cache-miss
196 silly fetch manifest statuses@~2.0.2
197 silly packumentCache full:https://registry.npmjs.org/statuses cache-miss
198 silly fetch manifest toidentifier@~1.0.1
199 silly packumentCache full:https://registry.npmjs.org/toidentifier cache-miss
200 http fetch GET 200 https://registry.npmjs.org/debug 51ms (cache hit)
201 silly packumentCache full:https://registry.npmjs.org/debug set size:195840 disposed:false
202 silly fetch manifest mime-db@^1.54.0
203 silly packumentCache full:https://registry.npmjs.org/mime-db cache-miss
204 http fetch GET 200 https://registry.npmjs.org/statuses 51ms (cache hit)
205 silly packumentCache full:https://registry.npmjs.org/statuses set size:37117 disposed:false
206 silly fetch manifest ee-first@1.1.1
207 silly packumentCache full:https://registry.npmjs.org/ee-first cache-miss
208 http fetch GET 200 https://registry.npmjs.org/qs 67ms (cache hit)
209 silly packumentCache full:https://registry.npmjs.org/qs set size:268000 disposed:false
210 silly fetch manifest wrappy@1
211 silly packumentCache full:https://registry.npmjs.org/wrappy cache-miss
212 http fetch GET 200 https://registry.npmjs.org/setprototypeof 106ms (cache miss)
213 silly packumentCache full:https://registry.npmjs.org/setprototypeof set size:undefined disposed:false
214 silly fetch manifest forwarded@0.2.0
215 silly packumentCache full:https://registry.npmjs.org/forwarded cache-miss
216 http fetch GET 200 https://registry.npmjs.org/raw-body 118ms (cache miss)
217 silly packumentCache full:https://registry.npmjs.org/raw-body set size:undefined disposed:false
218 silly fetch manifest ipaddr.js@1.9.1
219 silly packumentCache full:https://registry.npmjs.org/ipaddr.js cache-miss
220 http fetch GET 200 https://registry.npmjs.org/negotiator 130ms (cache miss)
221 silly packumentCache full:https://registry.npmjs.org/negotiator set size:undefined disposed:false
222 silly fetch manifest side-channel@^1.1.0
223 silly packumentCache full:https://registry.npmjs.org/side-channel cache-miss
224 http fetch GET 200 https://registry.npmjs.org/ms 125ms (cache miss)
225 silly packumentCache full:https://registry.npmjs.org/ms set size:undefined disposed:false
226 silly fetch manifest is-promise@^4.0.0
227 silly packumentCache full:https://registry.npmjs.org/is-promise cache-miss
228 http fetch GET 200 https://registry.npmjs.org/bytes 141ms (cache miss)
229 silly packumentCache full:https://registry.npmjs.org/bytes set size:undefined disposed:false
230 silly fetch manifest path-to-regexp@^8.0.0
231 silly packumentCache full:https://registry.npmjs.org/path-to-regexp cache-miss
232 http fetch GET 200 https://registry.npmjs.org/iconv-lite 162ms (cache miss)
233 silly packumentCache full:https://registry.npmjs.org/iconv-lite set size:undefined disposed:false
234 silly fetch manifest statuses@^2.0.2
235 silly packumentCache full:https://registry.npmjs.org/statuses cache-hit
236 silly fetch manifest media-typer@^1.1.0
237 silly packumentCache full:https://registry.npmjs.org/media-typer cache-miss
238 http fetch GET 200 https://registry.npmjs.org/ee-first 116ms (cache miss)
239 silly packumentCache full:https://registry.npmjs.org/ee-first set size:undefined disposed:false
240 http fetch GET 200 https://registry.npmjs.org/ipaddr.js 89ms (cache miss)
241 silly packumentCache full:https://registry.npmjs.org/ipaddr.js set size:undefined disposed:false
242 http fetch GET 200 https://registry.npmjs.org/forwarded 103ms (cache miss)
243 silly packumentCache full:https://registry.npmjs.org/forwarded set size:undefined disposed:false
244 http fetch GET 200 https://registry.npmjs.org/side-channel 105ms (cache miss)
245 silly packumentCache full:https://registry.npmjs.org/side-channel set size:undefined disposed:false
246 http fetch GET 200 https://registry.npmjs.org/media-typer 80ms (cache miss)
247 silly packumentCache full:https://registry.npmjs.org/media-typer set size:undefined disposed:false
248 http fetch GET 200 https://registry.npmjs.org/path-to-regexp 109ms (cache miss)
249 silly packumentCache full:https://registry.npmjs.org/path-to-regexp set size:undefined disposed:false
250 http fetch GET 200 https://registry.npmjs.org/wrappy 453ms (cache miss)
251 silly packumentCache full:https://registry.npmjs.org/wrappy set size:undefined disposed:false
252 http fetch GET 200 https://registry.npmjs.org/toidentifier 518ms (cache miss)
253 silly packumentCache full:https://registry.npmjs.org/toidentifier set size:undefined disposed:false
254 http fetch GET 200 https://registry.npmjs.org/mime-db 482ms (cache miss)
255 silly packumentCache full:https://registry.npmjs.org/mime-db set size:undefined disposed:false
256 http fetch GET 200 https://registry.npmjs.org/is-promise 419ms (cache miss)
257 silly packumentCache full:https://registry.npmjs.org/is-promise set size:undefined disposed:false
258 http fetch GET 200 https://registry.npmjs.org/inherits 1162ms (cache miss)
259 silly packumentCache full:https://registry.npmjs.org/inherits set size:undefined disposed:false
260 silly placeDep ROOT negotiator@1.0.0 OK for: accepts@2.0.0 want: ^1.0.0
261 silly placeDep ROOT bytes@3.1.2 OK for: body-parser@2.2.2 want: ^3.1.2
262 silly placeDep ROOT iconv-lite@0.7.2 OK for: body-parser@2.2.2 want: ^0.7.0
263 silly placeDep ROOT raw-body@3.0.2 OK for: body-parser@2.2.2 want: ^3.0.1
264 silly fetch manifest safer-buffer@>= 2.1.2 < 3.0.0
265 silly packumentCache full:https://registry.npmjs.org/safer-buffer cache-miss
266 silly fetch manifest unpipe@~1.0.0
267 silly packumentCache full:https://registry.npmjs.org/unpipe cache-miss
268 http fetch GET 200 https://registry.npmjs.org/unpipe 157ms (cache miss)
269 silly packumentCache full:https://registry.npmjs.org/unpipe set size:undefined disposed:false
270 http fetch GET 200 https://registry.npmjs.org/safer-buffer 159ms (cache miss)
271 silly packumentCache full:https://registry.npmjs.org/safer-buffer set size:undefined disposed:false
272 silly placeDep ROOT ms@2.1.3 OK for: debug@4.4.3 want: ^2.1.3
273 silly placeDep ROOT inherits@2.0.4 OK for: http-errors@2.0.1 want: ~2.0.4
274 silly placeDep ROOT setprototypeof@1.2.0 OK for: http-errors@2.0.1 want: ~1.2.0
275 silly placeDep ROOT toidentifier@1.0.1 OK for: http-errors@2.0.1 want: ~1.0.1
276 silly placeDep ROOT safer-buffer@2.1.2 OK for: iconv-lite@0.7.2 want: >= 2.1.2 < 3.0.0
277 silly placeDep ROOT mime-db@1.54.0 OK for: mime-types@3.0.2 want: ^1.54.0
278 silly placeDep ROOT ee-first@1.1.1 OK for: on-finished@2.4.1 want: 1.1.1
279 silly placeDep ROOT wrappy@1.0.2 OK for: once@1.4.0 want: 1
280 silly placeDep ROOT forwarded@0.2.0 OK for: proxy-addr@2.0.7 want: 0.2.0
281 silly placeDep ROOT ipaddr.js@1.9.1 OK for: proxy-addr@2.0.7 want: 1.9.1
282 silly placeDep ROOT side-channel@1.1.0 OK for: qs@6.14.1 want: ^1.1.0
283 silly fetch manifest es-errors@^1.3.0
284 silly packumentCache full:https://registry.npmjs.org/es-errors cache-miss
285 silly fetch manifest object-inspect@^1.13.3
286 silly packumentCache full:https://registry.npmjs.org/object-inspect cache-miss
287 silly fetch manifest side-channel-list@^1.0.0
288 silly packumentCache full:https://registry.npmjs.org/side-channel-list cache-miss
289 silly fetch manifest side-channel-map@^1.0.1
290 silly packumentCache full:https://registry.npmjs.org/side-channel-map cache-miss
291 silly fetch manifest side-channel-weakmap@^1.0.2
292 silly packumentCache full:https://registry.npmjs.org/side-channel-weakmap cache-miss
293 http fetch GET 200 https://registry.npmjs.org/side-channel-weakmap 126ms (cache miss)
294 silly packumentCache full:https://registry.npmjs.org/side-channel-weakmap set size:undefined disposed:false
295 http fetch GET 200 https://registry.npmjs.org/side-channel-map 130ms (cache miss)
296 silly packumentCache full:https://registry.npmjs.org/side-channel-map set size:undefined disposed:false
297 http fetch GET 200 https://registry.npmjs.org/side-channel-list 133ms (cache miss)
298 silly packumentCache full:https://registry.npmjs.org/side-channel-list set size:undefined disposed:false
299 http fetch GET 200 https://registry.npmjs.org/es-errors 138ms (cache miss)
300 silly packumentCache full:https://registry.npmjs.org/es-errors set size:undefined disposed:false
301 http fetch GET 200 https://registry.npmjs.org/object-inspect 139ms (cache miss)
302 silly packumentCache full:https://registry.npmjs.org/object-inspect set size:undefined disposed:false
303 silly placeDep ROOT unpipe@1.0.0 OK for: raw-body@3.0.2 want: ~1.0.0
304 silly placeDep ROOT is-promise@4.0.0 OK for: router@2.2.0 want: ^4.0.0
305 silly placeDep ROOT path-to-regexp@8.3.0 OK for: router@2.2.0 want: ^8.0.0
306 silly placeDep ROOT es-errors@1.3.0 OK for: side-channel@1.1.0 want: ^1.3.0
307 silly placeDep ROOT object-inspect@1.13.4 OK for: side-channel@1.1.0 want: ^1.13.3
308 silly placeDep ROOT side-channel-list@1.0.0 OK for: side-channel@1.1.0 want: ^1.0.0
309 silly placeDep ROOT side-channel-map@1.0.1 OK for: side-channel@1.1.0 want: ^1.0.1
310 silly placeDep ROOT side-channel-weakmap@1.0.2 OK for: side-channel@1.1.0 want: ^1.0.2
311 silly fetch manifest call-bound@^1.0.2
312 silly packumentCache full:https://registry.npmjs.org/call-bound cache-miss
313 silly fetch manifest get-intrinsic@^1.2.5
314 silly packumentCache full:https://registry.npmjs.org/get-intrinsic cache-miss
315 silly fetch manifest call-bound@^1.0.2
316 silly packumentCache full:https://registry.npmjs.org/call-bound cache-miss
317 silly fetch manifest get-intrinsic@^1.2.5
318 silly packumentCache full:https://registry.npmjs.org/get-intrinsic cache-miss
319 http fetch GET 200 https://registry.npmjs.org/call-bound 119ms (cache miss)
320 silly packumentCache full:https://registry.npmjs.org/call-bound set size:undefined disposed:false
321 http fetch GET 200 https://registry.npmjs.org/call-bound 119ms (cache miss)
322 silly packumentCache full:https://registry.npmjs.org/call-bound set size:undefined disposed:false
323 http fetch GET 200 https://registry.npmjs.org/get-intrinsic 450ms (cache miss)
324 silly packumentCache full:https://registry.npmjs.org/get-intrinsic set size:undefined disposed:false
325 http fetch GET 200 https://registry.npmjs.org/get-intrinsic 455ms (cache miss)
326 silly packumentCache full:https://registry.npmjs.org/get-intrinsic set size:undefined disposed:false
327 silly placeDep ROOT call-bound@1.0.4 OK for: side-channel-map@1.0.1 want: ^1.0.2
328 silly placeDep ROOT get-intrinsic@1.3.0 OK for: side-channel-map@1.0.1 want: ^1.2.5
329 silly fetch manifest call-bind-apply-helpers@^1.0.2
330 silly packumentCache full:https://registry.npmjs.org/call-bind-apply-helpers cache-miss
331 silly fetch manifest get-intrinsic@^1.3.0
332 silly packumentCache full:https://registry.npmjs.org/get-intrinsic cache-miss
333 silly fetch manifest gopd@^1.2.0
334 silly packumentCache full:https://registry.npmjs.org/gopd cache-miss
335 silly fetch manifest hasown@^2.0.2
336 silly packumentCache full:https://registry.npmjs.org/hasown cache-miss
337 silly fetch manifest get-proto@^1.0.1
338 silly packumentCache full:https://registry.npmjs.org/get-proto cache-miss
339 silly fetch manifest has-symbols@^1.1.0
340 silly packumentCache full:https://registry.npmjs.org/has-symbols cache-miss
341 silly fetch manifest function-bind@^1.1.2
342 silly packumentCache full:https://registry.npmjs.org/function-bind cache-miss
343 silly fetch manifest es-object-atoms@^1.1.1
344 silly packumentCache full:https://registry.npmjs.org/es-object-atoms cache-miss
345 silly fetch manifest math-intrinsics@^1.1.0
346 silly packumentCache full:https://registry.npmjs.org/math-intrinsics cache-miss
347 silly fetch manifest es-define-property@^1.0.1
348 silly packumentCache full:https://registry.npmjs.org/es-define-property cache-miss
349 silly fetch manifest call-bind-apply-helpers@^1.0.2
350 silly packumentCache full:https://registry.npmjs.org/call-bind-apply-helpers cache-miss
351 http fetch GET 200 https://registry.npmjs.org/get-intrinsic 39ms (cache hit)
352 silly packumentCache full:https://registry.npmjs.org/get-intrinsic set size:60985 disposed:false
353 http fetch GET 200 https://registry.npmjs.org/es-object-atoms 120ms (cache miss)
354 silly packumentCache full:https://registry.npmjs.org/es-object-atoms set size:undefined disposed:false
355 http fetch GET 200 https://registry.npmjs.org/function-bind 126ms (cache miss)
356 silly packumentCache full:https://registry.npmjs.org/function-bind set size:undefined disposed:false
357 http fetch GET 200 https://registry.npmjs.org/gopd 133ms (cache miss)
358 silly packumentCache full:https://registry.npmjs.org/gopd set size:undefined disposed:false
359 http fetch GET 200 https://registry.npmjs.org/get-proto 133ms (cache miss)
360 silly packumentCache full:https://registry.npmjs.org/get-proto set size:undefined disposed:false
361 http fetch GET 200 https://registry.npmjs.org/has-symbols 134ms (cache miss)
362 silly packumentCache full:https://registry.npmjs.org/has-symbols set size:undefined disposed:false
363 http fetch GET 200 https://registry.npmjs.org/math-intrinsics 132ms (cache miss)
364 silly packumentCache full:https://registry.npmjs.org/math-intrinsics set size:undefined disposed:false
365 http fetch GET 200 https://registry.npmjs.org/es-define-property 132ms (cache miss)
366 silly packumentCache full:https://registry.npmjs.org/es-define-property set size:undefined disposed:false
367 http fetch GET 200 https://registry.npmjs.org/call-bind-apply-helpers 143ms (cache miss)
368 silly packumentCache full:https://registry.npmjs.org/call-bind-apply-helpers set size:undefined disposed:false
369 http fetch GET 200 https://registry.npmjs.org/hasown 457ms (cache miss)
370 silly packumentCache full:https://registry.npmjs.org/hasown set size:undefined disposed:false
371 http fetch GET 200 https://registry.npmjs.org/call-bind-apply-helpers 1039ms (cache miss)
372 silly packumentCache full:https://registry.npmjs.org/call-bind-apply-helpers set size:undefined disposed:false
373 silly placeDep ROOT call-bind-apply-helpers@1.0.2 OK for: call-bound@1.0.4 want: ^1.0.2
374 silly placeDep ROOT function-bind@1.1.2 OK for: call-bind-apply-helpers@1.0.2 want: ^1.1.2
375 silly placeDep ROOT es-define-property@1.0.1 OK for: get-intrinsic@1.3.0 want: ^1.0.1
376 silly placeDep ROOT es-object-atoms@1.1.1 OK for: get-intrinsic@1.3.0 want: ^1.1.1
377 silly placeDep ROOT get-proto@1.0.1 OK for: get-intrinsic@1.3.0 want: ^1.0.1
378 silly placeDep ROOT gopd@1.2.0 OK for: get-intrinsic@1.3.0 want: ^1.2.0
379 silly placeDep ROOT has-symbols@1.1.0 OK for: get-intrinsic@1.3.0 want: ^1.1.0
380 silly placeDep ROOT hasown@2.0.2 OK for: get-intrinsic@1.3.0 want: ^2.0.2
381 silly placeDep ROOT math-intrinsics@1.1.0 OK for: get-intrinsic@1.3.0 want: ^1.1.0
382 silly fetch manifest dunder-proto@^1.0.1
383 silly packumentCache full:https://registry.npmjs.org/dunder-proto cache-miss
384 http fetch GET 200 https://registry.npmjs.org/dunder-proto 86ms (cache miss)
385 silly packumentCache full:https://registry.npmjs.org/dunder-proto set size:undefined disposed:false
386 silly placeDep ROOT dunder-proto@1.0.1 OK for: get-proto@1.0.1 want: ^1.0.1
387 silly placeDep ROOT media-typer@1.1.0 OK for: type-is@2.0.1 want: ^1.1.0
388 silly reify moves {}
389 silly audit bulk request {
389 silly audit   cors: [ '2.8.6' ],
389 silly audit   dotenv: [ '17.2.4' ],
389 silly audit   express: [ '5.2.1' ],
389 silly audit   'object-assign': [ '4.1.1' ],
389 silly audit   vary: [ '1.1.2' ],
389 silly audit   accepts: [ '2.0.0' ],
389 silly audit   'body-parser': [ '2.2.2' ],
389 silly audit   'content-disposition': [ '1.0.1' ],
389 silly audit   'content-type': [ '1.0.5' ],
389 silly audit   cookie: [ '0.7.2' ],
389 silly audit   'cookie-signature': [ '1.2.2' ],
389 silly audit   debug: [ '4.4.3' ],
389 silly audit   depd: [ '2.0.0' ],
389 silly audit   encodeurl: [ '2.0.0' ],
389 silly audit   'escape-html': [ '1.0.3' ],
389 silly audit   etag: [ '1.8.1' ],
389 silly audit   finalhandler: [ '2.1.1' ],
389 silly audit   fresh: [ '2.0.0' ],
389 silly audit   'http-errors': [ '2.0.1' ],
389 silly audit   'merge-descriptors': [ '2.0.0' ],
389 silly audit   'mime-types': [ '3.0.2' ],
389 silly audit   'on-finished': [ '2.4.1' ],
389 silly audit   once: [ '1.4.0' ],
389 silly audit   parseurl: [ '1.3.3' ],
389 silly audit   'proxy-addr': [ '2.0.7' ],
389 silly audit   qs: [ '6.14.1' ],
389 silly audit   'range-parser': [ '1.2.1' ],
389 silly audit   router: [ '2.2.0' ],
389 silly audit   send: [ '1.2.1' ],
389 silly audit   'serve-static': [ '2.2.1' ],
389 silly audit   statuses: [ '2.0.2' ],
389 silly audit   'type-is': [ '2.0.1' ],
389 silly audit   negotiator: [ '1.0.0' ],
389 silly audit   bytes: [ '3.1.2' ],
389 silly audit   'iconv-lite': [ '0.7.2' ],
389 silly audit   'raw-body': [ '3.0.2' ],
389 silly audit   ms: [ '2.1.3' ],
389 silly audit   inherits: [ '2.0.4' ],
389 silly audit   setprototypeof: [ '1.2.0' ],
389 silly audit   toidentifier: [ '1.0.1' ],
389 silly audit   'safer-buffer': [ '2.1.2' ],
389 silly audit   'mime-db': [ '1.54.0' ],
389 silly audit   'ee-first': [ '1.1.1' ],
389 silly audit   wrappy: [ '1.0.2' ],
389 silly audit   forwarded: [ '0.2.0' ],
389 silly audit   'ipaddr.js': [ '1.9.1' ],
389 silly audit   'side-channel': [ '1.1.0' ],
389 silly audit   unpipe: [ '1.0.0' ],
389 silly audit   'is-promise': [ '4.0.0' ],
389 silly audit   'path-to-regexp': [ '8.3.0' ],
389 silly audit   'es-errors': [ '1.3.0' ],
389 silly audit   'object-inspect': [ '1.13.4' ],
389 silly audit   'side-channel-list': [ '1.0.0' ],
389 silly audit   'side-channel-map': [ '1.0.1' ],
389 silly audit   'side-channel-weakmap': [ '1.0.2' ],
389 silly audit   'call-bound': [ '1.0.4' ],
389 silly audit   'get-intrinsic': [ '1.3.0' ],
389 silly audit   'call-bind-apply-helpers': [ '1.0.2' ],
389 silly audit   'function-bind': [ '1.1.2' ],
389 silly audit   'es-define-property': [ '1.0.1' ],
389 silly audit   'es-object-atoms': [ '1.1.1' ],
389 silly audit   'get-proto': [ '1.0.1' ],
389 silly audit   gopd: [ '1.2.0' ],
389 silly audit   'has-symbols': [ '1.1.0' ],
389 silly audit   hasown: [ '2.0.2' ],
389 silly audit   'math-intrinsics': [ '1.1.0' ],
389 silly audit   'dunder-proto': [ '1.0.1' ],
389 silly audit   'media-typer': [ '1.1.0' ]
389 silly audit }
390 silly tarball no local data for dunder-proto@https://registry.npmjs.org/dunder-proto/-/dunder-proto-1.0.1.tgz. Extracting by manifest.
391 silly tarball no local data for math-intrinsics@https://registry.npmjs.org/math-intrinsics/-/math-intrinsics-1.1.0.tgz. Extracting by manifest.
392 silly tarball no local data for hasown@https://registry.npmjs.org/hasown/-/hasown-2.0.2.tgz. Extracting by manifest.
393 silly tarball no local data for media-typer@https://registry.npmjs.org/media-typer/-/media-typer-1.1.0.tgz. Extracting by manifest.
394 silly tarball no local data for gopd@https://registry.npmjs.org/gopd/-/gopd-1.2.0.tgz. Extracting by manifest.
395 silly tarball no local data for has-symbols@https://registry.npmjs.org/has-symbols/-/has-symbols-1.1.0.tgz. Extracting by manifest.
396 silly tarball no local data for es-define-property@https://registry.npmjs.org/es-define-property/-/es-define-property-1.0.1.tgz. Extracting by manifest.
397 silly tarball no local data for get-proto@https://registry.npmjs.org/get-proto/-/get-proto-1.0.1.tgz. Extracting by manifest.
398 silly tarball no local data for get-intrinsic@https://registry.npmjs.org/get-intrinsic/-/get-intrinsic-1.3.0.tgz. Extracting by manifest.
399 silly tarball no local data for function-bind@https://registry.npmjs.org/function-bind/-/function-bind-1.1.2.tgz. Extracting by manifest.
400 silly tarball no local data for es-object-atoms@https://registry.npmjs.org/es-object-atoms/-/es-object-atoms-1.1.1.tgz. Extracting by manifest.
401 silly tarball no local data for call-bound@https://registry.npmjs.org/call-bound/-/call-bound-1.0.4.tgz. Extracting by manifest.
402 silly tarball no local data for call-bind-apply-helpers@https://registry.npmjs.org/call-bind-apply-helpers/-/call-bind-apply-helpers-1.0.2.tgz. Extracting by manifest.
403 silly tarball no local data for side-channel-list@https://registry.npmjs.org/side-channel-list/-/side-channel-list-1.0.0.tgz. Extracting by manifest.
404 silly tarball no local data for side-channel-weakmap@https://registry.npmjs.org/side-channel-weakmap/-/side-channel-weakmap-1.0.2.tgz. Extracting by manifest.
405 silly tarball no local data for side-channel-map@https://registry.npmjs.org/side-channel-map/-/side-channel-map-1.0.1.tgz. Extracting by manifest.
406 silly tarball no local data for es-errors@https://registry.npmjs.org/es-errors/-/es-errors-1.3.0.tgz. Extracting by manifest.
407 silly tarball no local data for object-inspect@https://registry.npmjs.org/object-inspect/-/object-inspect-1.13.4.tgz. Extracting by manifest.
408 silly tarball no local data for path-to-regexp@https://registry.npmjs.org/path-to-regexp/-/path-to-regexp-8.3.0.tgz. Extracting by manifest.
409 silly tarball no local data for side-channel@https://registry.npmjs.org/side-channel/-/side-channel-1.1.0.tgz. Extracting by manifest.
410 silly tarball no local data for is-promise@https://registry.npmjs.org/is-promise/-/is-promise-4.0.0.tgz. Extracting by manifest.
411 silly tarball no local data for unpipe@https://registry.npmjs.org/unpipe/-/unpipe-1.0.0.tgz. Extracting by manifest.
412 silly tarball no local data for forwarded@https://registry.npmjs.org/forwarded/-/forwarded-0.2.0.tgz. Extracting by manifest.
413 silly tarball no local data for ipaddr.js@https://registry.npmjs.org/ipaddr.js/-/ipaddr.js-1.9.1.tgz. Extracting by manifest.
414 silly tarball no local data for wrappy@https://registry.npmjs.org/wrappy/-/wrappy-1.0.2.tgz. Extracting by manifest.
415 silly tarball no local data for mime-db@https://registry.npmjs.org/mime-db/-/mime-db-1.54.0.tgz. Extracting by manifest.
416 silly tarball no local data for ee-first@https://registry.npmjs.org/ee-first/-/ee-first-1.1.1.tgz. Extracting by manifest.
417 silly tarball no local data for safer-buffer@https://registry.npmjs.org/safer-buffer/-/safer-buffer-2.1.2.tgz. Extracting by manifest.
418 silly tarball no local data for toidentifier@https://registry.npmjs.org/toidentifier/-/toidentifier-1.0.1.tgz. Extracting by manifest.
419 silly tarball no local data for ms@https://registry.npmjs.org/ms/-/ms-2.1.3.tgz. Extracting by manifest.
420 silly tarball no local data for inherits@https://registry.npmjs.org/inherits/-/inherits-2.0.4.tgz. Extracting by manifest.
421 silly tarball no local data for setprototypeof@https://registry.npmjs.org/setprototypeof/-/setprototypeof-1.2.0.tgz. Extracting by manifest.
422 silly tarball no local data for raw-body@https://registry.npmjs.org/raw-body/-/raw-body-3.0.2.tgz. Extracting by manifest.
423 silly tarball no local data for negotiator@https://registry.npmjs.org/negotiator/-/negotiator-1.0.0.tgz. Extracting by manifest.
424 silly tarball no local data for bytes@https://registry.npmjs.org/bytes/-/bytes-3.1.2.tgz. Extracting by manifest.
425 silly tarball no local data for iconv-lite@https://registry.npmjs.org/iconv-lite/-/iconv-lite-0.7.2.tgz. Extracting by manifest.
426 silly tarball no local data for statuses@https://registry.npmjs.org/statuses/-/statuses-2.0.2.tgz. Extracting by manifest.
427 silly tarball no local data for type-is@https://registry.npmjs.org/type-is/-/type-is-2.0.1.tgz. Extracting by manifest.
428 silly tarball no local data for send@https://registry.npmjs.org/send/-/send-1.2.1.tgz. Extracting by manifest.
429 silly tarball no local data for router@https://registry.npmjs.org/router/-/router-2.2.0.tgz. Extracting by manifest.
430 silly tarball no local data for serve-static@https://registry.npmjs.org/serve-static/-/serve-static-2.2.1.tgz. Extracting by manifest.
431 silly tarball no local data for range-parser@https://registry.npmjs.org/range-parser/-/range-parser-1.2.1.tgz. Extracting by manifest.
432 silly tarball no local data for qs@https://registry.npmjs.org/qs/-/qs-6.14.1.tgz. Extracting by manifest.
433 silly tarball no local data for once@https://registry.npmjs.org/once/-/once-1.4.0.tgz. Extracting by manifest.
434 silly tarball no local data for parseurl@https://registry.npmjs.org/parseurl/-/parseurl-1.3.3.tgz. Extracting by manifest.
435 silly tarball no local data for proxy-addr@https://registry.npmjs.org/proxy-addr/-/proxy-addr-2.0.7.tgz. Extracting by manifest.
436 silly tarball no local data for on-finished@https://registry.npmjs.org/on-finished/-/on-finished-2.4.1.tgz. Extracting by manifest.
437 silly tarball no local data for merge-descriptors@https://registry.npmjs.org/merge-descriptors/-/merge-descriptors-2.0.0.tgz. Extracting by manifest.
438 silly tarball no local data for http-errors@https://registry.npmjs.org/http-errors/-/http-errors-2.0.1.tgz. Extracting by manifest.
439 silly tarball no local data for fresh@https://registry.npmjs.org/fresh/-/fresh-2.0.0.tgz. Extracting by manifest.
440 silly tarball no local data for mime-types@https://registry.npmjs.org/mime-types/-/mime-types-3.0.2.tgz. Extracting by manifest.
441 silly tarball no local data for etag@https://registry.npmjs.org/etag/-/etag-1.8.1.tgz. Extracting by manifest.
442 silly tarball no local data for escape-html@https://registry.npmjs.org/escape-html/-/escape-html-1.0.3.tgz. Extracting by manifest.
443 silly tarball no local data for finalhandler@https://registry.npmjs.org/finalhandler/-/finalhandler-2.1.1.tgz. Extracting by manifest.
444 silly tarball no local data for encodeurl@https://registry.npmjs.org/encodeurl/-/encodeurl-2.0.0.tgz. Extracting by manifest.
445 silly tarball no local data for depd@https://registry.npmjs.org/depd/-/depd-2.0.0.tgz. Extracting by manifest.
446 silly tarball no local data for debug@https://registry.npmjs.org/debug/-/debug-4.4.3.tgz. Extracting by manifest.
447 silly tarball no local data for cookie-signature@https://registry.npmjs.org/cookie-signature/-/cookie-signature-1.2.2.tgz. Extracting by manifest.
448 silly tarball no local data for cookie@https://registry.npmjs.org/cookie/-/cookie-0.7.2.tgz. Extracting by manifest.
449 silly tarball no local data for content-type@https://registry.npmjs.org/content-type/-/content-type-1.0.5.tgz. Extracting by manifest.
450 silly tarball no local data for content-disposition@https://registry.npmjs.org/content-disposition/-/content-disposition-1.0.1.tgz. Extracting by manifest.
451 silly tarball no local data for object-assign@https://registry.npmjs.org/object-assign/-/object-assign-4.1.1.tgz. Extracting by manifest.
452 silly tarball no local data for vary@https://registry.npmjs.org/vary/-/vary-1.1.2.tgz. Extracting by manifest.
453 silly tarball no local data for accepts@https://registry.npmjs.org/accepts/-/accepts-2.0.0.tgz. Extracting by manifest.
454 silly tarball no local data for body-parser@https://registry.npmjs.org/body-parser/-/body-parser-2.2.2.tgz. Extracting by manifest.
455 silly tarball no local data for express@https://registry.npmjs.org/express/-/express-5.2.1.tgz. Extracting by manifest.
456 silly tarball no local data for dotenv@https://registry.npmjs.org/dotenv/-/dotenv-17.2.4.tgz. Extracting by manifest.
457 silly tarball no local data for cors@https://registry.npmjs.org/cors/-/cors-2.8.6.tgz. Extracting by manifest.
458 http fetch POST 200 https://registry.npmjs.org/-/npm/v1/security/advisories/bulk 405ms
459 silly audit report {}
460 http fetch GET 200 https://registry.npmjs.org/media-typer/-/media-typer-1.1.0.tgz 710ms (cache miss)
461 http fetch GET 200 https://registry.npmjs.org/es-define-property/-/es-define-property-1.0.1.tgz 709ms (cache miss)
462 http fetch GET 200 https://registry.npmjs.org/forwarded/-/forwarded-0.2.0.tgz 700ms (cache miss)
463 http fetch GET 200 https://registry.npmjs.org/is-promise/-/is-promise-4.0.0.tgz 703ms (cache miss)
464 http fetch GET 200 https://registry.npmjs.org/unpipe/-/unpipe-1.0.0.tgz 723ms (cache miss)
465 http fetch GET 200 https://registry.npmjs.org/ee-first/-/ee-first-1.1.1.tgz 718ms (cache miss)
466 http fetch GET 200 https://registry.npmjs.org/wrappy/-/wrappy-1.0.2.tgz 722ms (cache miss)
467 http fetch GET 200 https://registry.npmjs.org/toidentifier/-/toidentifier-1.0.1.tgz 718ms (cache miss)
468 http fetch GET 200 https://registry.npmjs.org/setprototypeof/-/setprototypeof-1.2.0.tgz 723ms (cache miss)
469 http fetch GET 200 https://registry.npmjs.org/negotiator/-/negotiator-1.0.0.tgz 723ms (cache miss)
470 http fetch GET 200 https://registry.npmjs.org/ms/-/ms-2.1.3.tgz 737ms (cache miss)
471 http fetch GET 200 https://registry.npmjs.org/inherits/-/inherits-2.0.4.tgz 746ms (cache miss)
472 http fetch GET 200 https://registry.npmjs.org/range-parser/-/range-parser-1.2.1.tgz 747ms (cache miss)
473 http fetch GET 200 https://registry.npmjs.org/raw-body/-/raw-body-3.0.2.tgz 757ms (cache miss)
474 http fetch GET 200 https://registry.npmjs.org/bytes/-/bytes-3.1.2.tgz 764ms (cache miss)
475 http fetch GET 200 https://registry.npmjs.org/once/-/once-1.4.0.tgz 757ms (cache miss)
476 http fetch GET 200 https://registry.npmjs.org/send/-/send-1.2.1.tgz 771ms (cache miss)
477 http fetch GET 200 https://registry.npmjs.org/serve-static/-/serve-static-2.2.1.tgz 771ms (cache miss)
478 http fetch GET 200 https://registry.npmjs.org/type-is/-/type-is-2.0.1.tgz 779ms (cache miss)
479 http fetch GET 200 https://registry.npmjs.org/statuses/-/statuses-2.0.2.tgz 783ms (cache miss)
480 http fetch GET 200 https://registry.npmjs.org/parseurl/-/parseurl-1.3.3.tgz 776ms (cache miss)
481 http fetch GET 200 https://registry.npmjs.org/ipaddr.js/-/ipaddr.js-1.9.1.tgz 806ms (cache miss)
482 http fetch GET 200 https://registry.npmjs.org/accepts/-/accepts-2.0.0.tgz 755ms (cache miss)
483 http fetch GET 200 https://registry.npmjs.org/path-to-regexp/-/path-to-regexp-8.3.0.tgz 820ms (cache miss)
484 http fetch GET 200 https://registry.npmjs.org/on-finished/-/on-finished-2.4.1.tgz 787ms (cache miss)
485 http fetch GET 200 https://registry.npmjs.org/merge-descriptors/-/merge-descriptors-2.0.0.tgz 785ms (cache miss)
486 http fetch GET 200 https://registry.npmjs.org/encodeurl/-/encodeurl-2.0.0.tgz 779ms (cache miss)
487 http fetch GET 200 https://registry.npmjs.org/cookie-signature/-/cookie-signature-1.2.2.tgz 783ms (cache miss)
488 http fetch GET 200 https://registry.npmjs.org/escape-html/-/escape-html-1.0.3.tgz 791ms (cache miss)
489 http fetch GET 200 https://registry.npmjs.org/cookie/-/cookie-0.7.2.tgz 782ms (cache miss)
490 http fetch GET 200 https://registry.npmjs.org/etag/-/etag-1.8.1.tgz 800ms (cache miss)
491 http fetch GET 200 https://registry.npmjs.org/fresh/-/fresh-2.0.0.tgz 808ms (cache miss)
492 http fetch GET 200 https://registry.npmjs.org/mime-types/-/mime-types-3.0.2.tgz 809ms (cache miss)
493 http fetch GET 200 https://registry.npmjs.org/finalhandler/-/finalhandler-2.1.1.tgz 808ms (cache miss)
494 http fetch GET 200 https://registry.npmjs.org/object-assign/-/object-assign-4.1.1.tgz 798ms (cache miss)
495 http fetch GET 200 https://registry.npmjs.org/content-disposition/-/content-disposition-1.0.1.tgz 807ms (cache miss)
496 http fetch GET 200 https://registry.npmjs.org/safer-buffer/-/safer-buffer-2.1.2.tgz 851ms (cache miss)
497 http fetch GET 200 https://registry.npmjs.org/cors/-/cors-2.8.6.tgz 793ms (cache miss)
498 http fetch GET 200 https://registry.npmjs.org/content-type/-/content-type-1.0.5.tgz 818ms (cache miss)
499 http fetch GET 200 https://registry.npmjs.org/get-intrinsic/-/get-intrinsic-1.3.0.tgz 885ms (cache miss)
500 http fetch GET 200 https://registry.npmjs.org/vary/-/vary-1.1.2.tgz 815ms (cache miss)
501 http fetch GET 200 https://registry.npmjs.org/hasown/-/hasown-2.0.2.tgz 901ms (cache miss)
502 http fetch GET 200 https://registry.npmjs.org/depd/-/depd-2.0.0.tgz 841ms (cache miss)
503 http fetch GET 200 https://registry.npmjs.org/proxy-addr/-/proxy-addr-2.0.7.tgz 874ms (cache miss)
504 http fetch GET 200 https://registry.npmjs.org/router/-/router-2.2.0.tgz 883ms (cache miss)
505 http fetch GET 200 https://registry.npmjs.org/debug/-/debug-4.4.3.tgz 862ms (cache miss)
506 http fetch GET 200 https://registry.npmjs.org/mime-db/-/mime-db-1.54.0.tgz 906ms (cache miss)
507 http fetch GET 200 https://registry.npmjs.org/http-errors/-/http-errors-2.0.1.tgz 878ms (cache miss)
508 http fetch GET 200 https://registry.npmjs.org/gopd/-/gopd-1.2.0.tgz 943ms (cache miss)
509 http fetch GET 200 https://registry.npmjs.org/function-bind/-/function-bind-1.1.2.tgz 941ms (cache miss)
510 http fetch GET 200 https://registry.npmjs.org/side-channel-map/-/side-channel-map-1.0.1.tgz 934ms (cache miss)
511 http fetch GET 200 https://registry.npmjs.org/side-channel-weakmap/-/side-channel-weakmap-1.0.2.tgz 937ms (cache miss)
512 http fetch GET 200 https://registry.npmjs.org/side-channel/-/side-channel-1.1.0.tgz 933ms (cache miss)
513 http fetch GET 200 https://registry.npmjs.org/call-bound/-/call-bound-1.0.4.tgz 964ms (cache miss)
514 http fetch GET 200 https://registry.npmjs.org/dunder-proto/-/dunder-proto-1.0.1.tgz 979ms (cache miss)
515 http fetch GET 200 https://registry.npmjs.org/get-proto/-/get-proto-1.0.1.tgz 976ms (cache miss)
516 http fetch GET 200 https://registry.npmjs.org/side-channel-list/-/side-channel-list-1.0.0.tgz 974ms (cache miss)
517 http fetch GET 200 https://registry.npmjs.org/express/-/express-5.2.1.tgz 906ms (cache miss)
518 http fetch GET 200 https://registry.npmjs.org/has-symbols/-/has-symbols-1.1.0.tgz 992ms (cache miss)
519 http fetch GET 200 https://registry.npmjs.org/dotenv/-/dotenv-17.2.4.tgz 910ms (cache miss)
520 http fetch GET 200 https://registry.npmjs.org/es-object-atoms/-/es-object-atoms-1.1.1.tgz 991ms (cache miss)
521 http fetch GET 200 https://registry.npmjs.org/body-parser/-/body-parser-2.2.2.tgz 924ms (cache miss)
522 http fetch GET 200 https://registry.npmjs.org/es-errors/-/es-errors-1.3.0.tgz 1002ms (cache miss)
523 http fetch GET 200 https://registry.npmjs.org/call-bind-apply-helpers/-/call-bind-apply-helpers-1.0.2.tgz 1009ms (cache miss)
524 http fetch GET 200 https://registry.npmjs.org/qs/-/qs-6.14.1.tgz 995ms (cache miss)
525 http fetch GET 200 https://registry.npmjs.org/math-intrinsics/-/math-intrinsics-1.1.0.tgz 1060ms (cache miss)
526 http fetch GET 200 https://registry.npmjs.org/object-inspect/-/object-inspect-1.13.4.tgz 1042ms (cache miss)
527 http fetch GET 200 https://registry.npmjs.org/iconv-lite/-/iconv-lite-0.7.2.tgz 1025ms (cache miss)
528 silly ADD node_modules/media-typer
529 silly ADD node_modules/dunder-proto
530 silly ADD node_modules/math-intrinsics
531 silly ADD node_modules/hasown
532 silly ADD node_modules/has-symbols
533 silly ADD node_modules/gopd
534 silly ADD node_modules/get-proto
535 silly ADD node_modules/es-object-atoms
536 silly ADD node_modules/es-define-property
537 silly ADD node_modules/function-bind
538 silly ADD node_modules/call-bind-apply-helpers
539 silly ADD node_modules/get-intrinsic
540 silly ADD node_modules/call-bound
541 silly ADD node_modules/side-channel-weakmap
542 silly ADD node_modules/side-channel-map
543 silly ADD node_modules/side-channel-list
544 silly ADD node_modules/object-inspect
545 silly ADD node_modules/es-errors
546 silly ADD node_modules/path-to-regexp
547 silly ADD node_modules/is-promise
548 silly ADD node_modules/unpipe
549 silly ADD node_modules/side-channel
550 silly ADD node_modules/ipaddr.js
551 silly ADD node_modules/forwarded
552 silly ADD node_modules/wrappy
553 silly ADD node_modules/ee-first
554 silly ADD node_modules/mime-db
555 silly ADD node_modules/safer-buffer
556 silly ADD node_modules/toidentifier
557 silly ADD node_modules/setprototypeof
558 silly ADD node_modules/inherits
559 silly ADD node_modules/ms
560 silly ADD node_modules/raw-body
561 silly ADD node_modules/iconv-lite
562 silly ADD node_modules/bytes
563 silly ADD node_modules/negotiator
564 silly ADD node_modules/type-is
565 silly ADD node_modules/statuses
566 silly ADD node_modules/serve-static
567 silly ADD node_modules/send
568 silly ADD node_modules/router
569 silly ADD node_modules/range-parser
570 silly ADD node_modules/qs
571 silly ADD node_modules/proxy-addr
572 silly ADD node_modules/parseurl
573 silly ADD node_modules/once
574 silly ADD node_modules/on-finished
575 silly ADD node_modules/mime-types
576 silly ADD node_modules/merge-descriptors
577 silly ADD node_modules/http-errors
578 silly ADD node_modules/fresh
579 silly ADD node_modules/finalhandler
580 silly ADD node_modules/etag
581 silly ADD node_modules/escape-html
582 silly ADD node_modules/encodeurl
583 silly ADD node_modules/depd
584 silly ADD node_modules/debug
585 silly ADD node_modules/cookie-signature
586 silly ADD node_modules/cookie
587 silly ADD node_modules/content-type
588 silly ADD node_modules/content-disposition
589 silly ADD node_modules/body-parser
590 silly ADD node_modules/accepts
591 silly ADD node_modules/vary
592 silly ADD node_modules/object-assign
593 silly ADD node_modules/express
594 silly ADD node_modules/dotenv
595 silly ADD node_modules/cors
596 verbose cwd C:\webdevmin1\localvibe_client_complete\localvibe-client\server
597 verbose os Windows_NT 10.0.26200
598 verbose node v20.20.0
599 verbose npm  v10.8.2
600 verbose exit 0
601 info ok
