0 verbose cli C:\Program Files\nodejs\node.exe C:\Program Files\nodejs\node_modules\npm\bin\npm-cli.js
1 info using npm@10.8.2
2 info using node@v20.20.0
3 silly config load:file:C:\Program Files\nodejs\node_modules\npm\npmrc
4 silly config load:file:C:\webdevmin1\localvibe_client_complete\localvibe-client\server\.npmrc
5 silly config load:file:C:\Users\Muska\.npmrc
6 silly config load:file:C:\Users\Muska\AppData\Roaming\npm\etc\npmrc
7 verbose title npm install jsonwebtoken
8 verbose argv "install" "jsonwebtoken"
9 verbose logfile logs-max:10 dir:C:\webdevmin1\localvibe_client_complete\localvibe-client\server\.npm-cache\_logs\2026-02-10T07_37_46_664Z-
10 verbose logfile C:\webdevmin1\localvibe_client_complete\localvibe-client\server\.npm-cache\_logs\2026-02-10T07_37_46_664Z-debug-0.log
11 silly packumentCache heap:2197815296 maxSize:549453824 maxEntrySize:274726912
12 silly logfile done cleaning log files
13 silly idealTree buildDeps
14 silly fetch manifest jsonwebtoken@^9.0.2
15 silly packumentCache full:https://registry.npmjs.org/jsonwebtoken cache-miss
16 http fetch GET 200 https://registry.npmjs.org/jsonwebtoken 729ms (cache miss)
17 silly packumentCache full:https://registry.npmjs.org/jsonwebtoken set size:undefined disposed:false
18 silly placeDep ROOT jsonwebtoken@9.0.3 OK for: server@1.0.0 want: ^9.0.2
19 silly fetch manifest jws@^4.0.1
20 silly packumentCache full:https://registry.npmjs.org/jws cache-miss
21 silly fetch manifest semver@^7.5.4
22 silly packumentCache full:https://registry.npmjs.org/semver cache-miss
23 silly fetch manifest lodash.once@^4.0.0
24 silly packumentCache full:https://registry.npmjs.org/lodash.once cache-miss
25 silly fetch manifest lodash.includes@^4.3.0
26 silly packumentCache full:https://registry.npmjs.org/lodash.includes cache-miss
27 silly fetch manifest lodash.isnumber@^3.0.3
28 silly packumentCache full:https://registry.npmjs.org/lodash.isnumber cache-miss
29 silly fetch manifest lodash.isstring@^4.0.1
30 silly packumentCache full:https://registry.npmjs.org/lodash.isstring cache-miss
31 silly fetch manifest lodash.isboolean@^3.0.3
32 silly packumentCache full:https://registry.npmjs.org/lodash.isboolean cache-miss
33 silly fetch manifest lodash.isinteger@^4.0.4
34 silly packumentCache full:https://registry.npmjs.org/lodash.isinteger cache-miss
35 silly fetch manifest lodash.isplainobject@^4.0.6
36 silly packumentCache full:https://registry.npmjs.org/lodash.isplainobject cache-miss
37 http fetch GET 200 https://registry.npmjs.org/semver 281ms (cache miss)
38 silly packumentCache full:https://registry.npmjs.org/semver set size:undefined disposed:false
39 http fetch GET 200 https://registry.npmjs.org/lodash.isnumber 331ms (cache miss)
40 silly packumentCache full:https://registry.npmjs.org/lodash.isnumber set size:undefined disposed:false
41 http fetch GET 200 https://registry.npmjs.org/lodash.includes 341ms (cache miss)
42 silly packumentCache full:https://registry.npmjs.org/lodash.includes set size:undefined disposed:false
43 http fetch GET 200 https://registry.npmjs.org/lodash.isstring 341ms (cache miss)
44 silly packumentCache full:https://registry.npmjs.org/lodash.isstring set size:undefined disposed:false
45 http fetch GET 200 https://registry.npmjs.org/lodash.isboolean 342ms (cache miss)
46 silly packumentCache full:https://registry.npmjs.org/lodash.isboolean set size:undefined disposed:false
47 http fetch GET 200 https://registry.npmjs.org/lodash.isinteger 343ms (cache miss)
48 silly packumentCache full:https://registry.npmjs.org/lodash.isinteger set size:undefined disposed:false
49 http fetch GET 200 https://registry.npmjs.org/lodash.once 348ms (cache miss)
50 silly packumentCache full:https://registry.npmjs.org/lodash.once set size:undefined disposed:false
51 http fetch GET 200 https://registry.npmjs.org/lodash.isplainobject 346ms (cache miss)
52 silly packumentCache full:https://registry.npmjs.org/lodash.isplainobject set size:undefined disposed:false
53 http fetch GET 200 https://registry.npmjs.org/jws 382ms (cache miss)
54 silly packumentCache full:https://registry.npmjs.org/jws set size:undefined disposed:false
55 silly placeDep ROOT jws@4.0.1 OK for: jsonwebtoken@9.0.3 want: ^4.0.1
56 silly placeDep ROOT lodash.includes@4.3.0 OK for: jsonwebtoken@9.0.3 want: ^4.3.0
57 silly placeDep ROOT lodash.isboolean@3.0.3 OK for: jsonwebtoken@9.0.3 want: ^3.0.3
58 silly placeDep ROOT lodash.isinteger@4.0.4 OK for: jsonwebtoken@9.0.3 want: ^4.0.4
59 silly placeDep ROOT lodash.isnumber@3.0.3 OK for: jsonwebtoken@9.0.3 want: ^3.0.3
60 silly placeDep ROOT lodash.isplainobject@4.0.6 OK for: jsonwebtoken@9.0.3 want: ^4.0.6
61 silly placeDep ROOT lodash.isstring@4.0.1 OK for: jsonwebtoken@9.0.3 want: ^4.0.1
62 silly placeDep ROOT lodash.once@4.1.1 OK for: jsonwebtoken@9.0.3 want: ^4.0.0
63 silly placeDep ROOT semver@7.7.4 OK for: jsonwebtoken@9.0.3 want: ^7.5.4
64 silly fetch manifest jwa@^2.0.1
65 silly packumentCache full:https://registry.npmjs.org/jwa cache-miss
66 silly fetch manifest safe-buffer@^5.0.1
67 silly packumentCache full:https://registry.npmjs.org/safe-buffer cache-miss
68 http fetch GET 200 https://registry.npmjs.org/jwa 94ms (cache miss)
69 silly packumentCache full:https://registry.npmjs.org/jwa set size:undefined disposed:false
70 http fetch GET 200 https://registry.npmjs.org/safe-buffer 108ms (cache miss)
71 silly packumentCache full:https://registry.npmjs.org/safe-buffer set size:undefined disposed:false
72 silly placeDep ROOT jwa@2.0.1 OK for: jws@4.0.1 want: ^2.0.1
73 silly placeDep ROOT safe-buffer@5.2.1 OK for: jws@4.0.1 want: ^5.0.1
74 silly fetch manifest ecdsa-sig-formatter@1.0.11
75 silly packumentCache full:https://registry.npmjs.org/ecdsa-sig-formatter cache-miss
76 silly fetch manifest buffer-equal-constant-time@^1.0.1
77 silly packumentCache full:https://registry.npmjs.org/buffer-equal-constant-time cache-miss
78 http fetch GET 200 https://registry.npmjs.org/ecdsa-sig-formatter 95ms (cache miss)
79 silly packumentCache full:https://registry.npmjs.org/ecdsa-sig-formatter set size:undefined disposed:false
80 http fetch GET 200 https://registry.npmjs.org/buffer-equal-constant-time 106ms (cache miss)
81 silly packumentCache full:https://registry.npmjs.org/buffer-equal-constant-time set size:undefined disposed:false
82 silly placeDep ROOT buffer-equal-constant-time@1.0.1 OK for: jwa@2.0.1 want: ^1.0.1
83 silly placeDep ROOT ecdsa-sig-formatter@1.0.11 OK for: jwa@2.0.1 want: 1.0.11
84 silly reify moves {}
85 silly audit bulk request {
85 silly audit   accepts: [ '2.0.0' ],
85 silly audit   bcryptjs: [ '3.0.3' ],
85 silly audit   'body-parser': [ '2.2.2' ],
85 silly audit   bytes: [ '3.1.2' ],
85 silly audit   'call-bind-apply-helpers': [ '1.0.2' ],
85 silly audit   'call-bound': [ '1.0.4' ],
85 silly audit   'content-disposition': [ '1.0.1' ],
85 silly audit   'content-type': [ '1.0.5' ],
85 silly audit   cookie: [ '0.7.2' ],
85 silly audit   'cookie-signature': [ '1.2.2' ],
85 silly audit   cors: [ '2.8.6' ],
85 silly audit   debug: [ '4.4.3' ],
85 silly audit   depd: [ '2.0.0' ],
85 silly audit   dotenv: [ '17.2.4' ],
85 silly audit   'dunder-proto': [ '1.0.1' ],
85 silly audit   'ee-first': [ '1.1.1' ],
85 silly audit   encodeurl: [ '2.0.0' ],
85 silly audit   'es-define-property': [ '1.0.1' ],
85 silly audit   'es-errors': [ '1.3.0' ],
85 silly audit   'es-object-atoms': [ '1.1.1' ],
85 silly audit   'escape-html': [ '1.0.3' ],
85 silly audit   etag: [ '1.8.1' ],
85 silly audit   express: [ '5.2.1' ],
85 silly audit   finalhandler: [ '2.1.1' ],
85 silly audit   forwarded: [ '0.2.0' ],
85 silly audit   fresh: [ '2.0.0' ],
85 silly audit   'function-bind': [ '1.1.2' ],
85 silly audit   'get-intrinsic': [ '1.3.0' ],
85 silly audit   'get-proto': [ '1.0.1' ],
85 silly audit   gopd: [ '1.2.0' ],
85 silly audit   'has-symbols': [ '1.1.0' ],
85 silly audit   hasown: [ '2.0.2' ],
85 silly audit   'http-errors': [ '2.0.1' ],
85 silly audit   'iconv-lite': [ '0.7.2' ],
85 silly audit   inherits: [ '2.0.4' ],
85 silly audit   'ipaddr.js': [ '1.9.1' ],
85 silly audit   'is-promise': [ '4.0.0' ],
85 silly audit   'math-intrinsics': [ '1.1.0' ],
85 silly audit   'media-typer': [ '1.1.0' ],
85 silly audit   'merge-descriptors': [ '2.0.0' ],
85 silly audit   'mime-db': [ '1.54.0' ],
85 silly audit   'mime-types': [ '3.0.2' ],
85 silly audit   ms: [ '2.1.3' ],
85 silly audit   negotiator: [ '1.0.0' ],
85 silly audit   'object-assign': [ '4.1.1' ],
85 silly audit   'object-inspect': [ '1.13.4' ],
85 silly audit   'on-finished': [ '2.4.1' ],
85 silly audit   once: [ '1.4.0' ],
85 silly audit   parseurl: [ '1.3.3' ],
85 silly audit   'path-to-regexp': [ '8.3.0' ],
85 silly audit   pg: [ '8.18.0' ],
85 silly audit   'pg-cloudflare': [ '1.3.0' ],
85 silly audit   'pg-connection-string': [ '2.11.0' ],
85 silly audit   'pg-int8': [ '1.0.1' ],
85 silly audit   'pg-pool': [ '3.11.0' ],
85 silly audit   'pg-protocol': [ '1.11.0' ],
85 silly audit   'pg-types': [ '2.2.0' ],
85 silly audit   pgpass: [ '1.0.5' ],
85 silly audit   'postgres-array': [ '2.0.0' ],
85 silly audit   'postgres-bytea': [ '1.0.1' ],
85 silly audit   'postgres-date': [ '1.0.7' ],
85 silly audit   'postgres-interval': [ '1.2.0' ],
85 silly audit   'proxy-addr': [ '2.0.7' ],
85 silly audit   qs: [ '6.14.1' ],
85 silly audit   'range-parser': [ '1.2.1' ],
85 silly audit   'raw-body': [ '3.0.2' ],
85 silly audit   router: [ '2.2.0' ],
85 silly audit   'safer-buffer': [ '2.1.2' ],
85 silly audit   send: [ '1.2.1' ],
85 silly audit   'serve-static': [ '2.2.1' ],
85 silly audit   setprototypeof: [ '1.2.0' ],
85 silly audit   'side-channel': [ '1.1.0' ],
85 silly audit   'side-channel-list': [ '1.0.0' ],
85 silly audit   'side-channel-map': [ '1.0.1' ],
85 silly audit   'side-channel-weakmap': [ '1.0.2' ],
85 silly audit   split2: [ '4.2.0' ],
85 silly audit   statuses: [ '2.0.2' ],
85 silly audit   toidentifier: [ '1.0.1' ],
85 silly audit   'type-is': [ '2.0.1' ],
85 silly audit   unpipe: [ '1.0.0' ],
85 silly audit   vary: [ '1.1.2' ],
85 silly audit   wrappy: [ '1.0.2' ],
85 silly audit   xtend: [ '4.0.2' ],
85 silly audit   jsonwebtoken: [ '9.0.3' ],
85 silly audit   jws: [ '4.0.1' ],
85 silly audit   'lodash.includes': [ '4.3.0' ],
85 silly audit   'lodash.isboolean': [ '3.0.3' ],
85 silly audit   'lodash.isinteger': [ '4.0.4' ],
85 silly audit   'lodash.isnumber': [ '3.0.3' ],
85 silly audit   'lodash.isplainobject': [ '4.0.6' ],
85 silly audit   'lodash.isstring': [ '4.0.1' ],
85 silly audit   'lodash.once': [ '4.1.1' ],
85 silly audit   semver: [ '7.7.4' ],
85 silly audit   jwa: [ '2.0.1' ],
85 silly audit   'safe-buffer': [ '5.2.1' ],
85 silly audit   'buffer-equal-constant-time': [ '1.0.1' ],
85 silly audit   'ecdsa-sig-formatter': [ '1.0.11' ]
85 silly audit }
86 silly tarball no local data for ecdsa-sig-formatter@https://registry.npmjs.org/ecdsa-sig-formatter/-/ecdsa-sig-formatter-1.0.11.tgz. Extracting by manifest.
87 silly tarball no local data for buffer-equal-constant-time@https://registry.npmjs.org/buffer-equal-constant-time/-/buffer-equal-constant-time-1.0.1.tgz. Extracting by manifest.
88 silly tarball no local data for jwa@https://registry.npmjs.org/jwa/-/jwa-2.0.1.tgz. Extracting by manifest.
89 silly tarball no local data for safe-buffer@https://registry.npmjs.org/safe-buffer/-/safe-buffer-5.2.1.tgz. Extracting by manifest.
90 silly tarball no local data for semver@https://registry.npmjs.org/semver/-/semver-7.7.4.tgz. Extracting by manifest.
91 silly tarball no local data for lodash.isstring@https://registry.npmjs.org/lodash.isstring/-/lodash.isstring-4.0.1.tgz. Extracting by manifest.
92 silly tarball no local data for lodash.once@https://registry.npmjs.org/lodash.once/-/lodash.once-4.1.1.tgz. Extracting by manifest.
93 silly tarball no local data for lodash.isplainobject@https://registry.npmjs.org/lodash.isplainobject/-/lodash.isplainobject-4.0.6.tgz. Extracting by manifest.
94 silly tarball no local data for lodash.isnumber@https://registry.npmjs.org/lodash.isnumber/-/lodash.isnumber-3.0.3.tgz. Extracting by manifest.
95 silly tarball no local data for lodash.isinteger@https://registry.npmjs.org/lodash.isinteger/-/lodash.isinteger-4.0.4.tgz. Extracting by manifest.
96 silly tarball no local data for lodash.isboolean@https://registry.npmjs.org/lodash.isboolean/-/lodash.isboolean-3.0.3.tgz. Extracting by manifest.
97 silly tarball no local data for lodash.includes@https://registry.npmjs.org/lodash.includes/-/lodash.includes-4.3.0.tgz. Extracting by manifest.
98 silly tarball no local data for jws@https://registry.npmjs.org/jws/-/jws-4.0.1.tgz. Extracting by manifest.
99 silly tarball no local data for jsonwebtoken@https://registry.npmjs.org/jsonwebtoken/-/jsonwebtoken-9.0.3.tgz. Extracting by manifest.
100 http fetch GET 200 https://registry.npmjs.org/ecdsa-sig-formatter/-/ecdsa-sig-formatter-1.0.11.tgz 262ms (cache miss)
101 http fetch GET 200 https://registry.npmjs.org/jwa/-/jwa-2.0.1.tgz 260ms (cache miss)
102 http fetch GET 200 https://registry.npmjs.org/safe-buffer/-/safe-buffer-5.2.1.tgz 262ms (cache miss)
103 http fetch GET 200 https://registry.npmjs.org/lodash.once/-/lodash.once-4.1.1.tgz 266ms (cache miss)
104 http fetch GET 200 https://registry.npmjs.org/buffer-equal-constant-time/-/buffer-equal-constant-time-1.0.1.tgz 272ms (cache miss)
105 http fetch GET 200 https://registry.npmjs.org/lodash.isstring/-/lodash.isstring-4.0.1.tgz 271ms (cache miss)
106 http fetch GET 200 https://registry.npmjs.org/lodash.isplainobject/-/lodash.isplainobject-4.0.6.tgz 269ms (cache miss)
107 http fetch GET 200 https://registry.npmjs.org/lodash.isnumber/-/lodash.isnumber-3.0.3.tgz 314ms (cache miss)
108 http fetch POST 200 https://registry.npmjs.org/-/npm/v1/security/advisories/bulk 387ms
109 silly audit report {}
110 http fetch GET 200 https://registry.npmjs.org/lodash.isinteger/-/lodash.isinteger-4.0.4.tgz 383ms (cache miss)
111 http fetch GET 200 https://registry.npmjs.org/lodash.isboolean/-/lodash.isboolean-3.0.3.tgz 382ms (cache miss)
112 http fetch GET 200 https://registry.npmjs.org/lodash.includes/-/lodash.includes-4.3.0.tgz 389ms (cache miss)
113 http fetch GET 200 https://registry.npmjs.org/jws/-/jws-4.0.1.tgz 394ms (cache miss)
114 http fetch GET 200 https://registry.npmjs.org/semver/-/semver-7.7.4.tgz 414ms (cache miss)
115 http fetch GET 200 https://registry.npmjs.org/jsonwebtoken/-/jsonwebtoken-9.0.3.tgz 405ms (cache miss)
116 silly ADD node_modules/ecdsa-sig-formatter
117 silly ADD node_modules/buffer-equal-constant-time
118 silly ADD node_modules/safe-buffer
119 silly ADD node_modules/jwa
120 silly ADD node_modules/semver
121 silly ADD node_modules/lodash.once
122 silly ADD node_modules/lodash.isstring
123 silly ADD node_modules/lodash.isplainobject
124 silly ADD node_modules/lodash.isnumber
125 silly ADD node_modules/lodash.isinteger
126 silly ADD node_modules/lodash.isboolean
127 silly ADD node_modules/lodash.includes
128 silly ADD node_modules/jws
129 silly ADD node_modules/jsonwebtoken
130 verbose cwd C:\webdevmin1\localvibe_client_complete\localvibe-client\server
131 verbose os Windows_NT 10.0.26200
132 verbose node v20.20.0
133 verbose npm  v10.8.2
134 verbose exit 0
135 info ok
