0 verbose cli C:\Program Files\nodejs\node.exe C:\Program Files\nodejs\node_modules\npm\bin\npm-cli.js
1 info using npm@10.8.2
2 info using node@v20.20.0
3 silly config load:file:C:\Program Files\nodejs\node_modules\npm\npmrc
4 silly config load:file:C:\webdevmin1\localvibe_client_complete\localvibe-client\server\.npmrc
5 silly config load:file:C:\Users\Muska\.npmrc
6 silly config load:file:C:\Users\Muska\AppData\Roaming\npm\etc\npmrc
7 verbose title npm install bcryptjs
8 verbose argv "install" "bcryptjs"
9 verbose logfile logs-max:10 dir:C:\webdevmin1\localvibe_client_complete\localvibe-client\server\.npm-cache\_logs\2026-02-10T07_25_50_467Z-
10 verbose logfile C:\webdevmin1\localvibe_client_complete\localvibe-client\server\.npm-cache\_logs\2026-02-10T07_25_50_467Z-debug-0.log
11 silly packumentCache heap:2197815296 maxSize:549453824 maxEntrySize:274726912
12 silly logfile done cleaning log files
13 silly idealTree buildDeps
14 silly fetch manifest pg@^8.11.3
15 silly packumentCache full:https://registry.npmjs.org/pg cache-miss
16 http fetch GET 200 https://registry.npmjs.org/pg 544ms (cache miss)
17 silly packumentCache full:https://registry.npmjs.org/pg set size:undefined disposed:false
18 silly fetch manifest pg-native@>=3.0.1
19 silly packumentCache full:https://registry.npmjs.org/pg-native cache-miss
20 http fetch GET 200 https://registry.npmjs.org/pg-native 114ms (cache miss)
21 silly packumentCache full:https://registry.npmjs.org/pg-native set size:undefined disposed:false
22 silly fetch manifest bcryptjs@*
23 silly packumentCache full:https://registry.npmjs.org/bcryptjs cache-miss
24 http fetch GET 200 https://registry.npmjs.org/bcryptjs 98ms (cache miss)
25 silly packumentCache full:https://registry.npmjs.org/bcryptjs set size:undefined disposed:false
26 silly placeDep ROOT bcryptjs@3.0.3 OK for: server@1.0.0 want: *
27 silly placeDep ROOT pg@8.18.0 OK for: server@1.0.0 want: ^8.11.3
28 silly fetch manifest pg-connection-string@^2.11.0
29 silly packumentCache full:https://registry.npmjs.org/pg-connection-string cache-miss
30 silly fetch manifest pg-pool@^3.11.0
31 silly packumentCache full:https://registry.npmjs.org/pg-pool cache-miss
32 silly fetch manifest pg-protocol@^1.11.0
33 silly packumentCache full:https://registry.npmjs.org/pg-protocol cache-miss
34 silly fetch manifest pg-types@2.2.0
35 silly packumentCache full:https://registry.npmjs.org/pg-types cache-miss
36 silly fetch manifest pgpass@1.0.5
37 silly packumentCache full:https://registry.npmjs.org/pgpass cache-miss
38 silly fetch manifest pg-cloudflare@^1.3.0
39 silly packumentCache full:https://registry.npmjs.org/pg-cloudflare cache-miss
40 http fetch GET 200 https://registry.npmjs.org/pg-connection-string 119ms (cache miss)
41 silly packumentCache full:https://registry.npmjs.org/pg-connection-string set size:undefined disposed:false
42 http fetch GET 200 https://registry.npmjs.org/pg-protocol 278ms (cache miss)
43 silly packumentCache full:https://registry.npmjs.org/pg-protocol set size:undefined disposed:false
44 http fetch GET 200 https://registry.npmjs.org/pgpass 281ms (cache miss)
45 silly packumentCache full:https://registry.npmjs.org/pgpass set size:undefined disposed:false
46 http fetch GET 200 https://registry.npmjs.org/pg-types 285ms (cache miss)
47 silly packumentCache full:https://registry.npmjs.org/pg-types set size:undefined disposed:false
48 http fetch GET 200 https://registry.npmjs.org/pg-pool 291ms (cache miss)
49 silly packumentCache full:https://registry.npmjs.org/pg-pool set size:undefined disposed:false
50 http fetch GET 200 https://registry.npmjs.org/pg-cloudflare 573ms (cache miss)
51 silly packumentCache full:https://registry.npmjs.org/pg-cloudflare set size:undefined disposed:false
52 silly fetch manifest pg@>=8.0
53 silly packumentCache full:https://registry.npmjs.org/pg cache-miss
54 http fetch GET 200 https://registry.npmjs.org/pg 15ms (cache hit)
55 silly packumentCache full:https://registry.npmjs.org/pg set size:470757 disposed:false
56 silly placeDep ROOT pg-cloudflare@1.3.0 OK for: pg@8.18.0 want: ^1.3.0
57 silly placeDep ROOT pg-connection-string@2.11.0 OK for: pg@8.18.0 want: ^2.11.0
58 silly placeDep ROOT pg-pool@3.11.0 OK for: pg@8.18.0 want: ^3.11.0
59 silly placeDep ROOT pg-protocol@1.11.0 OK for: pg@8.18.0 want: ^1.11.0
60 silly placeDep ROOT pg-types@2.2.0 OK for: pg@8.18.0 want: 2.2.0
61 silly placeDep ROOT pgpass@1.0.5 OK for: pg@8.18.0 want: 1.0.5
62 silly fetch manifest pg-int8@1.0.1
63 silly packumentCache full:https://registry.npmjs.org/pg-int8 cache-miss
64 silly fetch manifest postgres-date@~1.0.4
65 silly packumentCache full:https://registry.npmjs.org/postgres-date cache-miss
66 silly fetch manifest postgres-array@~2.0.0
67 silly packumentCache full:https://registry.npmjs.org/postgres-array cache-miss
68 silly fetch manifest postgres-bytea@~1.0.0
69 silly packumentCache full:https://registry.npmjs.org/postgres-bytea cache-miss
70 silly fetch manifest postgres-interval@^1.1.0
71 silly packumentCache full:https://registry.npmjs.org/postgres-interval cache-miss
72 silly fetch manifest split2@^4.1.0
73 silly packumentCache full:https://registry.npmjs.org/split2 cache-miss
74 http fetch GET 200 https://registry.npmjs.org/postgres-date 101ms (cache miss)
75 silly packumentCache full:https://registry.npmjs.org/postgres-date set size:undefined disposed:false
76 http fetch GET 200 https://registry.npmjs.org/pg-int8 109ms (cache miss)
77 silly packumentCache full:https://registry.npmjs.org/pg-int8 set size:undefined disposed:false
78 http fetch GET 200 https://registry.npmjs.org/postgres-interval 111ms (cache miss)
79 silly packumentCache full:https://registry.npmjs.org/postgres-interval set size:undefined disposed:false
80 http fetch GET 200 https://registry.npmjs.org/postgres-bytea 114ms (cache miss)
81 silly packumentCache full:https://registry.npmjs.org/postgres-bytea set size:undefined disposed:false
82 http fetch GET 200 https://registry.npmjs.org/postgres-array 455ms (cache miss)
83 silly packumentCache full:https://registry.npmjs.org/postgres-array set size:undefined disposed:false
84 http fetch GET 200 https://registry.npmjs.org/split2 456ms (cache miss)
85 silly packumentCache full:https://registry.npmjs.org/split2 set size:undefined disposed:false
86 silly placeDep ROOT pg-int8@1.0.1 OK for: pg-types@2.2.0 want: 1.0.1
87 silly placeDep ROOT postgres-array@2.0.0 OK for: pg-types@2.2.0 want: ~2.0.0
88 silly placeDep ROOT postgres-bytea@1.0.1 OK for: pg-types@2.2.0 want: ~1.0.0
89 silly placeDep ROOT postgres-date@1.0.7 OK for: pg-types@2.2.0 want: ~1.0.4
90 silly placeDep ROOT postgres-interval@1.2.0 OK for: pg-types@2.2.0 want: ^1.1.0
91 silly fetch manifest xtend@^4.0.0
92 silly packumentCache full:https://registry.npmjs.org/xtend cache-miss
93 http fetch GET 200 https://registry.npmjs.org/xtend 82ms (cache miss)
94 silly packumentCache full:https://registry.npmjs.org/xtend set size:undefined disposed:false
95 silly placeDep ROOT split2@4.2.0 OK for: pgpass@1.0.5 want: ^4.1.0
96 silly placeDep ROOT xtend@4.0.2 OK for: postgres-interval@1.2.0 want: ^4.0.0
97 silly reify moves {}
98 silly audit bulk request {
98 silly audit   accepts: [ '2.0.0' ],
98 silly audit   'body-parser': [ '2.2.2' ],
98 silly audit   bytes: [ '3.1.2' ],
98 silly audit   'call-bind-apply-helpers': [ '1.0.2' ],
98 silly audit   'call-bound': [ '1.0.4' ],
98 silly audit   'content-disposition': [ '1.0.1' ],
98 silly audit   'content-type': [ '1.0.5' ],
98 silly audit   cookie: [ '0.7.2' ],
98 silly audit   'cookie-signature': [ '1.2.2' ],
98 silly audit   cors: [ '2.8.6' ],
98 silly audit   debug: [ '4.4.3' ],
98 silly audit   depd: [ '2.0.0' ],
98 silly audit   dotenv: [ '17.2.4' ],
98 silly audit   'dunder-proto': [ '1.0.1' ],
98 silly audit   'ee-first': [ '1.1.1' ],
98 silly audit   encodeurl: [ '2.0.0' ],
98 silly audit   'es-define-property': [ '1.0.1' ],
98 silly audit   'es-errors': [ '1.3.0' ],
98 silly audit   'es-object-atoms': [ '1.1.1' ],
98 silly audit   'escape-html': [ '1.0.3' ],
98 silly audit   etag: [ '1.8.1' ],
98 silly audit   express: [ '5.2.1' ],
98 silly audit   finalhandler: [ '2.1.1' ],
98 silly audit   forwarded: [ '0.2.0' ],
98 silly audit   fresh: [ '2.0.0' ],
98 silly audit   'function-bind': [ '1.1.2' ],
98 silly audit   'get-intrinsic': [ '1.3.0' ],
98 silly audit   'get-proto': [ '1.0.1' ],
98 silly audit   gopd: [ '1.2.0' ],
98 silly audit   'has-symbols': [ '1.1.0' ],
98 silly audit   hasown: [ '2.0.2' ],
98 silly audit   'http-errors': [ '2.0.1' ],
98 silly audit   'iconv-lite': [ '0.7.2' ],
98 silly audit   inherits: [ '2.0.4' ],
98 silly audit   'ipaddr.js': [ '1.9.1' ],
98 silly audit   'is-promise': [ '4.0.0' ],
98 silly audit   'math-intrinsics': [ '1.1.0' ],
98 silly audit   'media-typer': [ '1.1.0' ],
98 silly audit   'merge-descriptors': [ '2.0.0' ],
98 silly audit   'mime-db': [ '1.54.0' ],
98 silly audit   'mime-types': [ '3.0.2' ],
98 silly audit   ms: [ '2.1.3' ],
98 silly audit   negotiator: [ '1.0.0' ],
98 silly audit   'object-assign': [ '4.1.1' ],
98 silly audit   'object-inspect': [ '1.13.4' ],
98 silly audit   'on-finished': [ '2.4.1' ],
98 silly audit   once: [ '1.4.0' ],
98 silly audit   parseurl: [ '1.3.3' ],
98 silly audit   'path-to-regexp': [ '8.3.0' ],
98 silly audit   'proxy-addr': [ '2.0.7' ],
98 silly audit   qs: [ '6.14.1' ],
98 silly audit   'range-parser': [ '1.2.1' ],
98 silly audit   'raw-body': [ '3.0.2' ],
98 silly audit   router: [ '2.2.0' ],
98 silly audit   'safer-buffer': [ '2.1.2' ],
98 silly audit   send: [ '1.2.1' ],
98 silly audit   'serve-static': [ '2.2.1' ],
98 silly audit   setprototypeof: [ '1.2.0' ],
98 silly audit   'side-channel': [ '1.1.0' ],
98 silly audit   'side-channel-list': [ '1.0.0' ],
98 silly audit   'side-channel-map': [ '1.0.1' ],
98 silly audit   'side-channel-weakmap': [ '1.0.2' ],
98 silly audit   statuses: [ '2.0.2' ],
98 silly audit   toidentifier: [ '1.0.1' ],
98 silly audit   'type-is': [ '2.0.1' ],
98 silly audit   unpipe: [ '1.0.0' ],
98 silly audit   vary: [ '1.1.2' ],
98 silly audit   wrappy: [ '1.0.2' ],
98 silly audit   bcryptjs: [ '3.0.3' ],
98 silly audit   pg: [ '8.18.0' ],
98 silly audit   'pg-cloudflare': [ '1.3.0' ],
98 silly audit   'pg-connection-string': [ '2.11.0' ],
98 silly audit   'pg-pool': [ '3.11.0' ],
98 silly audit   'pg-protocol': [ '1.11.0' ],
98 silly audit   'pg-types': [ '2.2.0' ],
98 silly audit   pgpass: [ '1.0.5' ],
98 silly audit   'pg-int8': [ '1.0.1' ],
98 silly audit   'postgres-array': [ '2.0.0' ],
98 silly audit   'postgres-bytea': [ '1.0.1' ],
98 silly audit   'postgres-date': [ '1.0.7' ],
98 silly audit   'postgres-interval': [ '1.2.0' ],
98 silly audit   split2: [ '4.2.0' ],
98 silly audit   xtend: [ '4.0.2' ]
98 silly audit }
99 silly tarball no local data for xtend@https://registry.npmjs.org/xtend/-/xtend-4.0.2.tgz. Extracting by manifest.
100 silly tarball no local data for split2@https://registry.npmjs.org/split2/-/split2-4.2.0.tgz. Extracting by manifest.
101 silly tarball no local data for postgres-date@https://registry.npmjs.org/postgres-date/-/postgres-date-1.0.7.tgz. Extracting by manifest.
102 silly tarball no local data for postgres-interval@https://registry.npmjs.org/postgres-interval/-/postgres-interval-1.2.0.tgz. Extracting by manifest.
103 silly tarball no local data for postgres-bytea@https://registry.npmjs.org/postgres-bytea/-/postgres-bytea-1.0.1.tgz. Extracting by manifest.
104 silly tarball no local data for pg-int8@https://registry.npmjs.org/pg-int8/-/pg-int8-1.0.1.tgz. Extracting by manifest.
105 silly tarball no local data for postgres-array@https://registry.npmjs.org/postgres-array/-/postgres-array-2.0.0.tgz. Extracting by manifest.
106 silly tarball no local data for pg-types@https://registry.npmjs.org/pg-types/-/pg-types-2.2.0.tgz. Extracting by manifest.
107 silly tarball no local data for pg-protocol@https://registry.npmjs.org/pg-protocol/-/pg-protocol-1.11.0.tgz. Extracting by manifest.
108 silly tarball no local data for pgpass@https://registry.npmjs.org/pgpass/-/pgpass-1.0.5.tgz. Extracting by manifest.
109 silly tarball no local data for pg-pool@https://registry.npmjs.org/pg-pool/-/pg-pool-3.11.0.tgz. Extracting by manifest.
110 silly tarball no local data for pg-connection-string@https://registry.npmjs.org/pg-connection-string/-/pg-connection-string-2.11.0.tgz. Extracting by manifest.
111 silly tarball no local data for pg-cloudflare@https://registry.npmjs.org/pg-cloudflare/-/pg-cloudflare-1.3.0.tgz. Extracting by manifest.
112 silly tarball no local data for pg@https://registry.npmjs.org/pg/-/pg-8.18.0.tgz. Extracting by manifest.
113 silly tarball no local data for bcryptjs@https://registry.npmjs.org/bcryptjs/-/bcryptjs-3.0.3.tgz. Extracting by manifest.
114 http fetch GET 200 https://registry.npmjs.org/postgres-date/-/postgres-date-1.0.7.tgz 195ms (cache miss)
115 http fetch GET 200 https://registry.npmjs.org/postgres-bytea/-/postgres-bytea-1.0.1.tgz 200ms (cache miss)
116 http fetch GET 200 https://registry.npmjs.org/postgres-interval/-/postgres-interval-1.2.0.tgz 208ms (cache miss)
117 http fetch GET 200 https://registry.npmjs.org/split2/-/split2-4.2.0.tgz 211ms (cache miss)
118 http fetch GET 200 https://registry.npmjs.org/xtend/-/xtend-4.0.2.tgz 214ms (cache miss)
119 http fetch POST 200 https://registry.npmjs.org/-/npm/v1/security/advisories/bulk 322ms
120 silly audit report {}
121 http fetch GET 200 https://registry.npmjs.org/bcryptjs/-/bcryptjs-3.0.3.tgz 285ms (cache miss)
122 http fetch GET 200 https://registry.npmjs.org/pg-int8/-/pg-int8-1.0.1.tgz 318ms (cache miss)
123 http fetch GET 200 https://registry.npmjs.org/postgres-array/-/postgres-array-2.0.0.tgz 331ms (cache miss)
124 http fetch GET 200 https://registry.npmjs.org/pg-pool/-/pg-pool-3.11.0.tgz 386ms (cache miss)
125 http fetch GET 200 https://registry.npmjs.org/pgpass/-/pgpass-1.0.5.tgz 390ms (cache miss)
126 http fetch GET 200 https://registry.npmjs.org/pg-connection-string/-/pg-connection-string-2.11.0.tgz 400ms (cache miss)
127 http fetch GET 200 https://registry.npmjs.org/pg-types/-/pg-types-2.2.0.tgz 416ms (cache miss)
128 http fetch GET 200 https://registry.npmjs.org/pg-cloudflare/-/pg-cloudflare-1.3.0.tgz 420ms (cache miss)
129 http fetch GET 200 https://registry.npmjs.org/pg/-/pg-8.18.0.tgz 449ms (cache miss)
130 http fetch GET 200 https://registry.npmjs.org/pg-protocol/-/pg-protocol-1.11.0.tgz 495ms (cache miss)
131 silly ADD node_modules/xtend
132 silly ADD node_modules/split2
133 silly ADD node_modules/postgres-interval
134 silly ADD node_modules/postgres-date
135 silly ADD node_modules/postgres-bytea
136 silly ADD node_modules/postgres-array
137 silly ADD node_modules/pg-int8
138 silly ADD node_modules/pgpass
139 silly ADD node_modules/pg-types
140 silly ADD node_modules/pg-protocol
141 silly ADD node_modules/pg-pool
142 silly ADD node_modules/pg-connection-string
143 silly ADD node_modules/pg-cloudflare
144 silly ADD node_modules/pg
145 silly ADD node_modules/bcryptjs
146 verbose cwd C:\webdevmin1\localvibe_client_complete\localvibe-client\server
147 verbose os Windows_NT 10.0.26200
148 verbose node v20.20.0
149 verbose npm  v10.8.2
150 verbose exit 0
151 info ok
