0 verbose cli C:\Program Files\nodejs\node.exe C:\Program Files\nodejs\node_modules\npm\bin\npm-cli.js
1 info using npm@10.8.2
2 info using node@v20.20.0
3 silly config load:file:C:\Program Files\nodejs\node_modules\npm\npmrc
4 silly config load:file:C:\webdevmin1\localvibe_client_complete\localvibe-client\.npmrc
5 silly config load:file:C:\Users\Muska\.npmrc
6 silly config load:file:C:\Users\Muska\AppData\Roaming\npm\etc\npmrc
7 verbose title npm install
8 verbose argv "install"
9 verbose logfile logs-max:10 dir:C:\webdevmin1\localvibe_client_complete\localvibe-client\.npm-cache\_logs\2026-02-09T21_33_52_397Z-
10 verbose logfile C:\webdevmin1\localvibe_client_complete\localvibe-client\.npm-cache\_logs\2026-02-09T21_33_52_397Z-debug-0.log
11 silly packumentCache heap:2197815296 maxSize:549453824 maxEntrySize:274726912
12 silly logfile done cleaning log files
13 silly idealTree buildDeps
14 silly reify moves {}
15 silly audit bulk request {
15 silly audit   '@alloc/quick-lru': [ '5.2.0' ],
15 silly audit   '@babel/code-frame': [ '7.29.0' ],
15 silly audit   '@babel/compat-data': [ '7.29.0' ],
15 silly audit   '@babel/core': [ '7.29.0' ],
15 silly audit   '@babel/generator': [ '7.29.1' ],
15 silly audit   '@babel/helper-compilation-targets': [ '7.28.6' ],
15 silly audit   '@babel/helper-globals': [ '7.28.0' ],
15 silly audit   '@babel/helper-module-imports': [ '7.28.6' ],
15 silly audit   '@babel/helper-module-transforms': [ '7.28.6' ],
15 silly audit   '@babel/helper-plugin-utils': [ '7.28.6' ],
15 silly audit   '@babel/helper-string-parser': [ '7.27.1' ],
15 silly audit   '@babel/helper-validator-identifier': [ '7.28.5' ],
15 silly audit   '@babel/helper-validator-option': [ '7.27.1' ],
15 silly audit   '@babel/helpers': [ '7.28.6' ],
15 silly audit   '@babel/parser': [ '7.29.0' ],
15 silly audit   '@babel/plugin-transform-react-jsx-self': [ '7.27.1' ],
15 silly audit   '@babel/plugin-transform-react-jsx-source': [ '7.27.1' ],
15 silly audit   '@babel/runtime': [ '7.28.6' ],
15 silly audit   '@babel/template': [ '7.28.6' ],
15 silly audit   '@babel/traverse': [ '7.29.0' ],
15 silly audit   '@babel/types': [ '7.29.0' ],
15 silly audit   '@date-fns/tz': [ '1.4.1' ],
15 silly audit   '@esbuild/aix-ppc64': [ '0.27.3' ],
15 silly audit   '@esbuild/android-arm': [ '0.27.3' ],
15 silly audit   '@esbuild/android-arm64': [ '0.27.3' ],
15 silly audit   '@esbuild/android-x64': [ '0.27.3' ],
15 silly audit   '@esbuild/darwin-arm64': [ '0.27.3' ],
15 silly audit   '@esbuild/darwin-x64': [ '0.27.3' ],
15 silly audit   '@esbuild/freebsd-arm64': [ '0.27.3' ],
15 silly audit   '@esbuild/freebsd-x64': [ '0.27.3' ],
15 silly audit   '@esbuild/linux-arm': [ '0.27.3' ],
15 silly audit   '@esbuild/linux-arm64': [ '0.27.3' ],
15 silly audit   '@esbuild/linux-ia32': [ '0.27.3' ],
15 silly audit   '@esbuild/linux-loong64': [ '0.27.3' ],
15 silly audit   '@esbuild/linux-mips64el': [ '0.27.3' ],
15 silly audit   '@esbuild/linux-ppc64': [ '0.27.3' ],
15 silly audit   '@esbuild/linux-riscv64': [ '0.27.3' ],
15 silly audit   '@esbuild/linux-s390x': [ '0.27.3' ],
15 silly audit   '@esbuild/linux-x64': [ '0.27.3' ],
15 silly audit   '@esbuild/netbsd-arm64': [ '0.27.3' ],
15 silly audit   '@esbuild/netbsd-x64': [ '0.27.3' ],
15 silly audit   '@esbuild/openbsd-arm64': [ '0.27.3' ],
15 silly audit   '@esbuild/openbsd-x64': [ '0.27.3' ],
15 silly audit   '@esbuild/openharmony-arm64': [ '0.27.3' ],
15 silly audit   '@esbuild/sunos-x64': [ '0.27.3' ],
15 silly audit   '@esbuild/win32-arm64': [ '0.27.3' ],
15 silly audit   '@esbuild/win32-ia32': [ '0.27.3' ],
15 silly audit   '@esbuild/win32-x64': [ '0.27.3' ],
15 silly audit   '@eslint-community/eslint-utils': [ '4.9.1' ],
15 silly audit   'eslint-visitor-keys': [ '3.4.3', '4.2.1' ],
15 silly audit   '@eslint-community/regexpp': [ '4.12.2' ],
15 silly audit   '@eslint/config-array': [ '0.21.1' ],
15 silly audit   '@eslint/config-helpers': [ '0.4.2' ],
15 silly audit   '@eslint/core': [ '0.17.0' ],
15 silly audit   '@eslint/eslintrc': [ '3.3.3' ],
15 silly audit   globals: [ '14.0.0', '16.5.0' ],
15 silly audit   '@eslint/js': [ '9.39.2' ],
15 silly audit   '@eslint/object-schema': [ '2.1.7' ],
15 silly audit   '@eslint/plugin-kit': [ '0.4.1' ],
15 silly audit   '@floating-ui/core': [ '1.7.4' ],
15 silly audit   '@floating-ui/dom': [ '1.7.5' ],
15 silly audit   '@floating-ui/react-dom': [ '2.1.7' ],
15 silly audit   '@floating-ui/utils': [ '0.2.10' ],
15 silly audit   '@hookform/resolvers': [ '5.2.2' ],
15 silly audit   '@humanfs/core': [ '0.19.1' ],
15 silly audit   '@humanfs/node': [ '0.16.7' ],
15 silly audit   '@humanwhocodes/module-importer': [ '1.0.1' ],
15 silly audit   '@humanwhocodes/retry': [ '0.4.3' ],
15 silly audit   '@jridgewell/gen-mapping': [ '0.3.13' ],
15 silly audit   '@jridgewell/remapping': [ '2.3.5' ],
15 silly audit   '@jridgewell/resolve-uri': [ '3.1.2' ],
15 silly audit   '@jridgewell/sourcemap-codec': [ '1.5.5' ],
15 silly audit   '@jridgewell/trace-mapping': [ '0.3.31' ],
15 silly audit   '@nodelib/fs.scandir': [ '2.1.5' ],
15 silly audit   '@nodelib/fs.stat': [ '2.0.5' ],
15 silly audit   '@nodelib/fs.walk': [ '1.2.8' ],
15 silly audit   '@radix-ui/number': [ '1.1.1' ],
15 silly audit   '@radix-ui/primitive': [ '1.1.3' ],
15 silly audit   '@radix-ui/react-accordion': [ '1.2.12' ],
15 silly audit   '@radix-ui/react-alert-dialog': [ '1.1.15' ],
15 silly audit   '@radix-ui/react-slot': [ '1.2.3', '1.2.4' ],
15 silly audit   '@radix-ui/react-arrow': [ '1.1.7' ],
15 silly audit   '@radix-ui/react-aspect-ratio': [ '1.1.8' ],
15 silly audit   '@radix-ui/react-primitive': [ '2.1.4', '2.1.3' ],
15 silly audit   '@radix-ui/react-avatar': [ '1.1.11' ],
15 silly audit   '@radix-ui/react-context': [ '1.1.3', '1.1.2' ],
15 silly audit   '@radix-ui/react-checkbox': [ '1.3.3' ],
15 silly audit   '@radix-ui/react-collapsible': [ '1.1.12' ],
15 silly audit   '@radix-ui/react-collection': [ '1.1.7' ],
15 silly audit   '@radix-ui/react-compose-refs': [ '1.1.2' ],
15 silly audit   '@radix-ui/react-context-menu': [ '2.2.16' ],
15 silly audit   '@radix-ui/react-dialog': [ '1.1.15' ],
15 silly audit   '@radix-ui/react-direction': [ '1.1.1' ],
15 silly audit   '@radix-ui/react-dismissable-layer': [ '1.1.11' ],
15 silly audit   '@radix-ui/react-dropdown-menu': [ '2.1.16' ],
15 silly audit   '@radix-ui/react-focus-guards': [ '1.1.3' ],
15 silly audit   '@radix-ui/react-focus-scope': [ '1.1.7' ],
15 silly audit   '@radix-ui/react-hover-card': [ '1.1.15' ],
15 silly audit   '@radix-ui/react-id': [ '1.1.1' ],
15 silly audit   '@radix-ui/react-label': [ '2.1.8' ],
15 silly audit   '@radix-ui/react-menu': [ '2.1.16' ],
15 silly audit   '@radix-ui/react-menubar': [ '1.1.16' ],
15 silly audit   '@radix-ui/react-navigation-menu': [ '1.2.14' ],
15 silly audit   '@radix-ui/react-popover': [ '1.1.15' ],
15 silly audit   '@radix-ui/react-popper': [ '1.2.8' ],
15 silly audit   '@radix-ui/react-portal': [ '1.1.9' ],
15 silly audit   '@radix-ui/react-presence': [ '1.1.5' ],
15 silly audit   '@radix-ui/react-progress': [ '1.1.8' ],
15 silly audit   '@radix-ui/react-radio-group': [ '1.3.8' ],
15 silly audit   '@radix-ui/react-roving-focus': [ '1.1.11' ],
15 silly audit   '@radix-ui/react-scroll-area': [ '1.2.10' ],
15 silly audit   '@radix-ui/react-select': [ '2.2.6' ],
15 silly audit   '@radix-ui/react-separator': [ '1.1.8' ],
15 silly audit   '@radix-ui/react-slider': [ '1.3.6' ],
15 silly audit   '@radix-ui/react-switch': [ '1.2.6' ],
15 silly audit   '@radix-ui/react-tabs': [ '1.1.13' ],
15 silly audit   '@radix-ui/react-toggle': [ '1.1.10' ],
15 silly audit   '@radix-ui/react-toggle-group': [ '1.1.11' ],
15 silly audit   '@radix-ui/react-tooltip': [ '1.2.8' ],
15 silly audit   '@radix-ui/react-use-callback-ref': [ '1.1.1' ],
15 silly audit   '@radix-ui/react-use-controllable-state': [ '1.2.2' ],
15 silly audit   '@radix-ui/react-use-effect-event': [ '0.0.2' ],
15 silly audit   '@radix-ui/react-use-escape-keydown': [ '1.1.1' ],
15 silly audit   '@radix-ui/react-use-is-hydrated': [ '0.1.0' ],
15 silly audit   '@radix-ui/react-use-layout-effect': [ '1.1.1' ],
15 silly audit   '@radix-ui/react-use-previous': [ '1.1.1' ],
15 silly audit   '@radix-ui/react-use-rect': [ '1.1.1' ],
15 silly audit   '@radix-ui/react-use-size': [ '1.1.1' ],
15 silly audit   '@radix-ui/react-visually-hidden': [ '1.2.3' ],
15 silly audit   '@radix-ui/rect': [ '1.1.1' ],
15 silly audit   '@react-leaflet/core': [ '3.0.0' ],
15 silly audit   '@rolldown/pluginutils': [ '1.0.0-rc.2' ],
15 silly audit   '@rollup/rollup-android-arm-eabi': [ '4.57.1' ],
15 silly audit   '@rollup/rollup-android-arm64': [ '4.57.1' ],
15 silly audit   '@rollup/rollup-darwin-arm64': [ '4.57.1' ],
15 silly audit   '@rollup/rollup-darwin-x64': [ '4.57.1' ],
15 silly audit   '@rollup/rollup-freebsd-arm64': [ '4.57.1' ],
15 silly audit   '@rollup/rollup-freebsd-x64': [ '4.57.1' ],
15 silly audit   '@rollup/rollup-linux-arm-gnueabihf': [ '4.57.1' ],
15 silly audit   '@rollup/rollup-linux-arm-musleabihf': [ '4.57.1' ],
15 silly audit   '@rollup/rollup-linux-arm64-gnu': [ '4.57.1' ],
15 silly audit   '@rollup/rollup-linux-arm64-musl': [ '4.57.1' ],
15 silly audit   '@rollup/rollup-linux-loong64-gnu': [ '4.57.1' ],
15 silly audit   '@rollup/rollup-linux-loong64-musl': [ '4.57.1' ],
15 silly audit   '@rollup/rollup-linux-ppc64-gnu': [ '4.57.1' ],
15 silly audit   '@rollup/rollup-linux-ppc64-musl': [ '4.57.1' ],
15 silly audit   '@rollup/rollup-linux-riscv64-gnu': [ '4.57.1' ],
15 silly audit   '@rollup/rollup-linux-riscv64-musl': [ '4.57.1' ],
15 silly audit   '@rollup/rollup-linux-s390x-gnu': [ '4.57.1' ],
15 silly audit   '@rollup/rollup-linux-x64-gnu': [ '4.57.1' ],
15 silly audit   '@rollup/rollup-linux-x64-musl': [ '4.57.1' ],
15 silly audit   '@rollup/rollup-openbsd-x64': [ '4.57.1' ],
15 silly audit   '@rollup/rollup-openharmony-arm64': [ '4.57.1' ],
15 silly audit   '@rollup/rollup-win32-arm64-msvc': [ '4.57.1' ],
15 silly audit   '@rollup/rollup-win32-ia32-msvc': [ '4.57.1' ],
15 silly audit   '@rollup/rollup-win32-x64-gnu': [ '4.57.1' ],
15 silly audit   '@rollup/rollup-win32-x64-msvc': [ '4.57.1' ],
15 silly audit   '@standard-schema/utils': [ '0.3.0' ],
15 silly audit   '@types/babel__core': [ '7.20.5' ],
15 silly audit   '@types/babel__generator': [ '7.27.0' ],
15 silly audit   '@types/babel__template': [ '7.4.4' ],
15 silly audit   '@types/babel__traverse': [ '7.28.0' ],
15 silly audit   '@types/d3-array': [ '3.2.2' ],
15 silly audit   '@types/d3-color': [ '3.1.3' ],
15 silly audit   '@types/d3-ease': [ '3.0.2' ],
15 silly audit   '@types/d3-interpolate': [ '3.0.4' ],
15 silly audit   '@types/d3-path': [ '3.1.1' ],
15 silly audit   '@types/d3-scale': [ '4.0.9' ],
15 silly audit   '@types/d3-shape': [ '3.1.8' ],
15 silly audit   '@types/d3-time': [ '3.0.4' ],
15 silly audit   '@types/d3-timer': [ '3.0.2' ],
15 silly audit   '@types/estree': [ '1.0.8' ],
15 silly audit   '@types/geojson': [ '7946.0.16' ],
15 silly audit   '@types/json-schema': [ '7.0.15' ],
15 silly audit   '@types/leaflet': [ '1.9.21' ],
15 silly audit   '@types/lodash': [ '4.17.23' ],
15 silly audit   '@types/node': [ '24.10.12' ],
15 silly audit   '@types/react': [ '19.2.13' ],
15 silly audit   '@types/react-dom': [ '19.2.3' ],
15 silly audit   '@typescript-eslint/eslint-plugin': [ '8.54.0' ],
15 silly audit   ignore: [ '7.0.5', '5.3.2' ],
15 silly audit   '@typescript-eslint/parser': [ '8.54.0' ],
15 silly audit   '@typescript-eslint/project-service': [ '8.54.0' ],
15 silly audit   '@typescript-eslint/scope-manager': [ '8.54.0' ],
15 silly audit   '@typescript-eslint/tsconfig-utils': [ '8.54.0' ],
15 silly audit   '@typescript-eslint/type-utils': [ '8.54.0' ],
15 silly audit   '@typescript-eslint/types': [ '8.54.0' ],
15 silly audit   '@typescript-eslint/typescript-estree': [ '8.54.0' ],
15 silly audit   'brace-expansion': [ '2.0.2', '1.1.12' ],
15 silly audit   minimatch: [ '9.0.5', '3.1.2' ],
15 silly audit   semver: [ '7.7.4', '6.3.1' ],
15 silly audit   '@typescript-eslint/utils': [ '8.54.0' ],
15 silly audit   '@typescript-eslint/visitor-keys': [ '8.54.0' ],
15 silly audit   '@vitejs/plugin-react': [ '5.1.3' ],
15 silly audit   accepts: [ '2.0.0' ],
15 silly audit   'mime-db': [ '1.54.0', '1.52.0' ],
15 silly audit   'mime-types': [ '3.0.2', '2.1.35' ],
15 silly audit   acorn: [ '8.15.0' ],
15 silly audit   'acorn-jsx': [ '5.3.2' ],
15 silly audit   ajv: [ '6.12.6' ],
15 silly audit   'ansi-styles': [ '4.3.0' ],
15 silly audit   'any-promise': [ '1.3.0' ],
15 silly audit   anymatch: [ '3.1.3' ],
15 silly audit   arg: [ '5.0.2' ],
15 silly audit   argparse: [ '2.0.1' ],
15 silly audit   'aria-hidden': [ '1.2.6' ],
15 silly audit   asynckit: [ '0.4.0' ],
15 silly audit   autoprefixer: [ '10.4.24' ],
15 silly audit   axios: [ '1.13.5' ],
15 silly audit   'balanced-match': [ '1.0.2' ],
15 silly audit   'baseline-browser-mapping': [ '2.9.19' ],
15 silly audit   bcryptjs: [ '3.0.3' ],
15 silly audit   'binary-extensions': [ '2.3.0' ],
15 silly audit   'body-parser': [ '2.2.2' ],
15 silly audit   braces: [ '3.0.3' ],
15 silly audit   browserslist: [ '4.28.1' ],
15 silly audit   'buffer-equal-constant-time': [ '1.0.1' ],
15 silly audit   bytes: [ '3.1.2' ],
15 silly audit   'call-bind-apply-helpers': [ '1.0.2' ],
15 silly audit   'call-bound': [ '1.0.4' ],
15 silly audit   callsites: [ '3.1.0' ],
15 silly audit   'camelcase-css': [ '2.0.1' ],
15 silly audit   'caniuse-lite': [ '1.0.30001769' ],
15 silly audit   chalk: [ '4.1.2' ],
15 silly audit   chokidar: [ '3.6.0' ],
15 silly audit   'glob-parent': [ '5.1.2', '6.0.2' ],
15 silly audit   'class-variance-authority': [ '0.7.1' ],
15 silly audit   clsx: [ '2.1.1' ],
15 silly audit   cmdk: [ '1.1.1' ],
15 silly audit   'color-convert': [ '2.0.1' ],
15 silly audit   'color-name': [ '1.1.4' ],
15 silly audit   'combined-stream': [ '1.0.8' ],
15 silly audit   commander: [ '4.1.1' ],
15 silly audit   'concat-map': [ '0.0.1' ],
15 silly audit   'content-disposition': [ '1.0.1' ],
15 silly audit   'content-type': [ '1.0.5' ],
15 silly audit   'convert-source-map': [ '2.0.0' ],
15 silly audit   cookie: [ '1.1.1', '0.7.2' ],
15 silly audit   'cookie-signature': [ '1.2.2' ],
15 silly audit   cors: [ '2.8.6' ],
15 silly audit   'cross-spawn': [ '7.0.6' ],
15 silly audit   cssesc: [ '3.0.0' ],
15 silly audit   csstype: [ '3.2.3' ],
15 silly audit   'd3-array': [ '3.2.4' ],
15 silly audit   'd3-color': [ '3.1.0' ],
15 silly audit   'd3-ease': [ '3.0.1' ],
15 silly audit   'd3-format': [ '3.1.2' ],
15 silly audit   'd3-interpolate': [ '3.0.1' ],
15 silly audit   'd3-path': [ '3.1.0' ],
15 silly audit   'd3-scale': [ '4.0.2' ],
15 silly audit   'd3-shape': [ '3.2.0' ],
15 silly audit   'd3-time': [ '3.1.0' ],
15 silly audit   'd3-time-format': [ '4.1.0' ],
15 silly audit   'd3-timer': [ '3.0.1' ],
15 silly audit   'date-fns': [ '4.1.0' ],
15 silly audit   'date-fns-jalali': [ '4.1.0-0' ],
15 silly audit   debug: [ '4.4.3' ],
15 silly audit   'decimal.js-light': [ '2.5.1' ],
15 silly audit   'deep-is': [ '0.1.4' ],
15 silly audit   'delayed-stream': [ '1.0.0' ],
15 silly audit   depd: [ '2.0.0' ],
15 silly audit   'detect-node-es': [ '1.1.0' ],
15 silly audit   didyoumean: [ '1.2.2' ],
15 silly audit   dlv: [ '1.1.3' ],
15 silly audit   'dom-helpers': [ '5.2.1' ],
15 silly audit   'dunder-proto': [ '1.0.1' ],
15 silly audit   'ecdsa-sig-formatter': [ '1.0.11' ],
15 silly audit   'ee-first': [ '1.1.1' ],
15 silly audit   'electron-to-chromium': [ '1.5.286' ],
15 silly audit   'embla-carousel': [ '8.6.0' ],
15 silly audit   'embla-carousel-react': [ '8.6.0' ],
15 silly audit   'embla-carousel-reactive-utils': [ '8.6.0' ],
15 silly audit   encodeurl: [ '2.0.0' ],
15 silly audit   'es-define-property': [ '1.0.1' ],
15 silly audit   'es-errors': [ '1.3.0' ],
15 silly audit   'es-object-atoms': [ '1.1.1' ],
15 silly audit   'es-set-tostringtag': [ '2.1.0' ],
15 silly audit   esbuild: [ '0.27.3' ],
15 silly audit   escalade: [ '3.2.0' ],
15 silly audit   'escape-html': [ '1.0.3' ],
15 silly audit   'escape-string-regexp': [ '4.0.0' ],
15 silly audit   eslint: [ '9.39.2' ],
15 silly audit   'eslint-plugin-react-hooks': [ '7.0.1' ],
15 silly audit   'eslint-plugin-react-refresh': [ '0.4.26' ],
15 silly audit   'eslint-scope': [ '8.4.0' ],
15 silly audit   espree: [ '10.4.0' ],
15 silly audit   esquery: [ '1.7.0' ],
15 silly audit   esrecurse: [ '4.3.0' ],
15 silly audit   estraverse: [ '5.3.0' ],
15 silly audit   esutils: [ '2.0.3' ],
15 silly audit   etag: [ '1.8.1' ],
15 silly audit   eventemitter3: [ '4.0.7' ],
15 silly audit   express: [ '5.2.1' ],
15 silly audit   'express-validator': [ '7.3.1' ],
15 silly audit   'fast-deep-equal': [ '3.1.3' ],
15 silly audit   'fast-equals': [ '5.4.0' ],
15 silly audit   'fast-glob': [ '3.3.3' ],
15 silly audit   'fast-json-stable-stringify': [ '2.1.0' ],
15 silly audit   'fast-levenshtein': [ '2.0.6' ],
15 silly audit   fastq: [ '1.20.1' ],
15 silly audit   'file-entry-cache': [ '8.0.0' ],
15 silly audit   'fill-range': [ '7.1.1' ],
15 silly audit   finalhandler: [ '2.1.1' ],
15 silly audit   'find-up': [ '5.0.0' ],
15 silly audit   'flat-cache': [ '4.0.1' ],
15 silly audit   flatted: [ '3.3.3' ],
15 silly audit   'follow-redirects': [ '1.15.11' ],
15 silly audit   'form-data': [ '4.0.5' ],
15 silly audit   forwarded: [ '0.2.0' ],
15 silly audit   'fraction.js': [ '5.3.4' ],
15 silly audit   fresh: [ '2.0.0' ],
15 silly audit   fsevents: [ '2.3.3' ],
15 silly audit   'function-bind': [ '1.1.2' ],
15 silly audit   gensync: [ '1.0.0-beta.2' ],
15 silly audit   'get-intrinsic': [ '1.3.0' ],
15 silly audit   'get-nonce': [ '1.0.1' ],
15 silly audit   'get-proto': [ '1.0.1' ],
15 silly audit   gopd: [ '1.2.0' ],
15 silly audit   'has-flag': [ '4.0.0' ],
15 silly audit   'has-symbols': [ '1.1.0' ],
15 silly audit   'has-tostringtag': [ '1.0.2' ],
15 silly audit   hasown: [ '2.0.2' ],
15 silly audit   'hermes-estree': [ '0.25.1' ],
15 silly audit   'hermes-parser': [ '0.25.1' ],
15 silly audit   'http-errors': [ '2.0.1' ],
15 silly audit   'iconv-lite': [ '0.7.2' ],
15 silly audit   'import-fresh': [ '3.3.1' ],
15 silly audit   imurmurhash: [ '0.1.4' ],
15 silly audit   inherits: [ '2.0.4' ],
15 silly audit   'input-otp': [ '1.4.2' ],
15 silly audit   internmap: [ '2.0.3' ],
15 silly audit   'ipaddr.js': [ '1.9.1' ],
15 silly audit   'is-binary-path': [ '2.1.0' ],
15 silly audit   'is-core-module': [ '2.16.1' ],
15 silly audit   'is-extglob': [ '2.1.1' ],
15 silly audit   'is-glob': [ '4.0.3' ],
15 silly audit   'is-number': [ '7.0.0' ],
15 silly audit   'is-promise': [ '4.0.0' ],
15 silly audit   isexe: [ '2.0.0' ],
15 silly audit   jiti: [ '1.21.7' ],
15 silly audit   'js-tokens': [ '4.0.0' ],
15 silly audit   'js-yaml': [ '4.1.1' ],
15 silly audit   jsesc: [ '3.1.0' ],
15 silly audit   'json-buffer': [ '3.0.1' ],
15 silly audit   'json-schema-traverse': [ '0.4.1' ],
15 silly audit   'json-stable-stringify-without-jsonify': [ '1.0.1' ],
15 silly audit   json5: [ '2.2.3' ],
15 silly audit   jsonwebtoken: [ '9.0.3' ],
15 silly audit   jwa: [ '2.0.1' ],
15 silly audit   jws: [ '4.0.1' ],
15 silly audit   keyv: [ '4.5.4' ],
15 silly audit   leaflet: [ '1.9.4' ],
15 silly audit   levn: [ '0.4.1' ],
15 silly audit   lilconfig: [ '3.1.3' ],
15 silly audit   'lines-and-columns': [ '1.2.4' ],
15 silly audit   'locate-path': [ '6.0.0' ],
15 silly audit   lodash: [ '4.17.23' ],
15 silly audit   'lodash.includes': [ '4.3.0' ],
15 silly audit   'lodash.isboolean': [ '3.0.3' ],
15 silly audit   'lodash.isinteger': [ '4.0.4' ],
15 silly audit   'lodash.isnumber': [ '3.0.3' ],
15 silly audit   'lodash.isplainobject': [ '4.0.6' ],
15 silly audit   'lodash.isstring': [ '4.0.1' ],
15 silly audit   'lodash.merge': [ '4.6.2' ],
15 silly audit   'lodash.once': [ '4.1.1' ],
15 silly audit   'loose-envify': [ '1.4.0' ],
15 silly audit   'lru-cache': [ '5.1.1' ],
15 silly audit   'lucide-react': [ '0.562.0' ],
15 silly audit   'math-intrinsics': [ '1.1.0' ],
15 silly audit   'media-typer': [ '1.1.0' ],
15 silly audit   'merge-descriptors': [ '2.0.0' ],
15 silly audit   merge2: [ '1.4.1' ],
15 silly audit   micromatch: [ '4.0.8' ],
15 silly audit   ms: [ '2.1.3' ],
15 silly audit   mz: [ '2.7.0' ],
15 silly audit   nanoid: [ '3.3.11' ],
15 silly audit   'natural-compare': [ '1.4.0' ],
15 silly audit   negotiator: [ '1.0.0' ],
15 silly audit   'next-themes': [ '0.4.6' ],
15 silly audit   'node-releases': [ '2.0.27' ],
15 silly audit   'normalize-path': [ '3.0.0' ],
15 silly audit   'object-assign': [ '4.1.1' ],
15 silly audit   'object-hash': [ '3.0.0' ],
15 silly audit   'object-inspect': [ '1.13.4' ],
15 silly audit   'on-finished': [ '2.4.1' ],
15 silly audit   once: [ '1.4.0' ],
15 silly audit   optionator: [ '0.9.4' ],
15 silly audit   'p-limit': [ '3.1.0' ],
15 silly audit   'p-locate': [ '5.0.0' ],
15 silly audit   'parent-module': [ '1.0.1' ],
15 silly audit   parseurl: [ '1.3.3' ],
15 silly audit   'path-exists': [ '4.0.0' ],
15 silly audit   'path-key': [ '3.1.1' ],
15 silly audit   'path-parse': [ '1.0.7' ],
15 silly audit   'path-to-regexp': [ '8.3.0' ],
15 silly audit   pg: [ '8.18.0' ],
15 silly audit   'pg-cloudflare': [ '1.3.0' ],
15 silly audit   'pg-connection-string': [ '2.11.0' ],
15 silly audit   'pg-int8': [ '1.0.1' ],
15 silly audit   'pg-pool': [ '3.11.0' ],
15 silly audit   'pg-protocol': [ '1.11.0' ],
15 silly audit   'pg-types': [ '2.2.0' ],
15 silly audit   pgpass: [ '1.0.5' ],
15 silly audit   picocolors: [ '1.1.1' ],
15 silly audit   picomatch: [ '2.3.1', '4.0.3' ],
15 silly audit   pify: [ '2.3.0' ],
15 silly audit   pirates: [ '4.0.7' ],
15 silly audit   postcss: [ '8.5.6' ],
15 silly audit   'postcss-import': [ '15.1.0' ],
15 silly audit   'postcss-js': [ '4.1.0' ],
15 silly audit   'postcss-load-config': [ '6.0.1' ],
15 silly audit   'postcss-nested': [ '6.2.0' ],
15 silly audit   'postcss-selector-parser': [ '6.1.2' ],
15 silly audit   'postcss-value-parser': [ '4.2.0' ],
15 silly audit   'postgres-array': [ '2.0.0' ],
15 silly audit   'postgres-bytea': [ '1.0.1' ],
15 silly audit   'postgres-date': [ '1.0.7' ],
15 silly audit   'postgres-interval': [ '1.2.0' ],
15 silly audit   'prelude-ls': [ '1.2.1' ],
15 silly audit   'prop-types': [ '15.8.1' ],
15 silly audit   'react-is': [ '16.13.1', '18.3.1' ],
15 silly audit   'proxy-addr': [ '2.0.7' ],
15 silly audit   'proxy-from-env': [ '1.1.0' ],
15 silly audit   punycode: [ '2.3.1' ],
15 silly audit   qs: [ '6.14.1' ],
15 silly audit   'queue-microtask': [ '1.2.3' ],
15 silly audit   'range-parser': [ '1.2.1' ],
15 silly audit   'raw-body': [ '3.0.2' ],
15 silly audit   react: [ '19.2.4' ],
15 silly audit   'react-day-picker': [ '9.13.1' ],
15 silly audit   'react-dom': [ '19.2.4' ],
15 silly audit   'react-hook-form': [ '7.71.1' ],
15 silly audit   'react-leaflet': [ '5.0.0' ],
15 silly audit   'react-refresh': [ '0.18.0' ],
15 silly audit   'react-remove-scroll': [ '2.7.2' ],
15 silly audit   'react-remove-scroll-bar': [ '2.3.8' ],
15 silly audit   'react-resizable-panels': [ '4.6.2' ],
15 silly audit   'react-router': [ '7.13.0' ],
15 silly audit   'react-router-dom': [ '7.13.0' ],
15 silly audit   'react-smooth': [ '4.0.4' ],
15 silly audit   'react-style-singleton': [ '2.2.3' ],
15 silly audit   'react-transition-group': [ '4.4.5' ],
15 silly audit   'read-cache': [ '1.0.0' ],
15 silly audit   readdirp: [ '3.6.0' ],
15 silly audit   recharts: [ '2.15.4' ],
15 silly audit   'recharts-scale': [ '0.4.5' ],
15 silly audit   resolve: [ '1.22.11' ],
15 silly audit   'resolve-from': [ '4.0.0' ],
15 silly audit   reusify: [ '1.1.0' ],
15 silly audit   rollup: [ '4.57.1' ],
15 silly audit   router: [ '2.2.0' ],
15 silly audit   'run-parallel': [ '1.2.0' ],
15 silly audit   'safe-buffer': [ '5.2.1' ],
15 silly audit   'safer-buffer': [ '2.1.2' ],
15 silly audit   scheduler: [ '0.27.0' ],
15 silly audit   send: [ '1.2.1' ],
15 silly audit   'serve-static': [ '2.2.1' ],
15 silly audit   'set-cookie-parser': [ '2.7.2' ],
15 silly audit   setprototypeof: [ '1.2.0' ],
15 silly audit   'shebang-command': [ '2.0.0' ],
15 silly audit   'shebang-regex': [ '3.0.0' ],
15 silly audit   'side-channel': [ '1.1.0' ],
15 silly audit   'side-channel-list': [ '1.0.0' ],
15 silly audit   'side-channel-map': [ '1.0.1' ],
15 silly audit   'side-channel-weakmap': [ '1.0.2' ],
15 silly audit   sonner: [ '2.0.7' ],
15 silly audit   'source-map-js': [ '1.2.1' ],
15 silly audit   split2: [ '4.2.0' ],
15 silly audit   statuses: [ '2.0.2' ],
15 silly audit   'strip-json-comments': [ '3.1.1' ],
15 silly audit   sucrase: [ '3.35.1' ],
15 silly audit   'supports-color': [ '7.2.0' ],
15 silly audit   'supports-preserve-symlinks-flag': [ '1.0.0' ],
15 silly audit   'tailwind-merge': [ '3.4.0' ],
15 silly audit   tailwindcss: [ '3.4.19' ],
15 silly audit   'tailwindcss-animate': [ '1.0.7' ],
15 silly audit   thenify: [ '3.3.1' ],
15 silly audit   'thenify-all': [ '1.6.0' ],
15 silly audit   'tiny-invariant': [ '1.3.3' ],
15 silly audit   tinyglobby: [ '0.2.15' ],
15 silly audit   fdir: [ '6.5.0' ],
15 silly audit   'to-regex-range': [ '5.0.1' ],
15 silly audit   toidentifier: [ '1.0.1' ],
15 silly audit   'ts-api-utils': [ '2.4.0' ],
15 silly audit   'ts-interface-checker': [ '0.1.13' ],
15 silly audit   tslib: [ '2.8.1' ],
15 silly audit   'tw-animate-css': [ '1.4.0' ],
15 silly audit   'type-check': [ '0.4.0' ],
15 silly audit   'type-is': [ '2.0.1' ],
15 silly audit   typescript: [ '5.9.3' ],
15 silly audit   'typescript-eslint': [ '8.54.0' ],
15 silly audit   'undici-types': [ '7.16.0' ],
15 silly audit   unpipe: [ '1.0.0' ],
15 silly audit   'update-browserslist-db': [ '1.2.3' ],
15 silly audit   'uri-js': [ '4.4.1' ],
15 silly audit   'use-callback-ref': [ '1.3.3' ],
15 silly audit   'use-sidecar': [ '1.1.3' ],
15 silly audit   'use-sync-external-store': [ '1.6.0' ],
15 silly audit   'util-deprecate': [ '1.0.2' ],
15 silly audit   validator: [ '13.15.26' ],
15 silly audit   vary: [ '1.1.2' ],
15 silly audit   vaul: [ '1.1.2' ],
15 silly audit   'victory-vendor': [ '36.9.2' ],
15 silly audit   vite: [ '7.3.1' ],
15 silly audit   which: [ '2.0.2' ],
15 silly audit   'word-wrap': [ '1.2.5' ],
15 silly audit   wrappy: [ '1.0.2' ],
15 silly audit   xtend: [ '4.0.2' ],
15 silly audit   yallist: [ '3.1.1' ],
15 silly audit   'yocto-queue': [ '0.1.0' ],
15 silly audit   zod: [ '4.3.6' ],
15 silly audit   'zod-validation-error': [ '4.0.2' ]
15 silly audit }
16 verbose reify failed optional dependency C:\webdevmin1\localvibe_client_complete\localvibe-client\node_modules\fsevents
17 silly reify mark deleted [
17 silly reify   'C:\\webdevmin1\\localvibe_client_complete\\localvibe-client\\node_modules\\fsevents'
17 silly reify ]
18 verbose reify failed optional dependency C:\webdevmin1\localvibe_client_complete\localvibe-client\node_modules\@rollup\rollup-win32-ia32-msvc
19 silly reify mark deleted [
19 silly reify   'C:\\webdevmin1\\localvibe_client_complete\\localvibe-client\\node_modules\\@rollup\\rollup-win32-ia32-msvc'
19 silly reify ]
20 verbose reify failed optional dependency C:\webdevmin1\localvibe_client_complete\localvibe-client\node_modules\@rollup\rollup-win32-arm64-msvc
21 silly reify mark deleted [
21 silly reify   'C:\\webdevmin1\\localvibe_client_complete\\localvibe-client\\node_modules\\@rollup\\rollup-win32-arm64-msvc'
21 silly reify ]
22 verbose reify failed optional dependency C:\webdevmin1\localvibe_client_complete\localvibe-client\node_modules\@rollup\rollup-openharmony-arm64
23 silly reify mark deleted [
23 silly reify   'C:\\webdevmin1\\localvibe_client_complete\\localvibe-client\\node_modules\\@rollup\\rollup-openharmony-arm64'
23 silly reify ]
24 verbose reify failed optional dependency C:\webdevmin1\localvibe_client_complete\localvibe-client\node_modules\@rollup\rollup-openbsd-x64
25 silly reify mark deleted [
25 silly reify   'C:\\webdevmin1\\localvibe_client_complete\\localvibe-client\\node_modules\\@rollup\\rollup-openbsd-x64'
25 silly reify ]
26 verbose reify failed optional dependency C:\webdevmin1\localvibe_client_complete\localvibe-client\node_modules\@rollup\rollup-linux-x64-musl
27 silly reify mark deleted [
27 silly reify   'C:\\webdevmin1\\localvibe_client_complete\\localvibe-client\\node_modules\\@rollup\\rollup-linux-x64-musl'
27 silly reify ]
28 verbose reify failed optional dependency C:\webdevmin1\localvibe_client_complete\localvibe-client\node_modules\@rollup\rollup-linux-x64-gnu
29 silly reify mark deleted [
29 silly reify   'C:\\webdevmin1\\localvibe_client_complete\\localvibe-client\\node_modules\\@rollup\\rollup-linux-x64-gnu'
29 silly reify ]
30 verbose reify failed optional dependency C:\webdevmin1\localvibe_client_complete\localvibe-client\node_modules\@rollup\rollup-linux-s390x-gnu
31 silly reify mark deleted [
31 silly reify   'C:\\webdevmin1\\localvibe_client_complete\\localvibe-client\\node_modules\\@rollup\\rollup-linux-s390x-gnu'
31 silly reify ]
32 verbose reify failed optional dependency C:\webdevmin1\localvibe_client_complete\localvibe-client\node_modules\@rollup\rollup-linux-riscv64-musl
33 silly reify mark deleted [
33 silly reify   'C:\\webdevmin1\\localvibe_client_complete\\localvibe-client\\node_modules\\@rollup\\rollup-linux-riscv64-musl'
33 silly reify ]
34 verbose reify failed optional dependency C:\webdevmin1\localvibe_client_complete\localvibe-client\node_modules\@rollup\rollup-linux-riscv64-gnu
35 silly reify mark deleted [
35 silly reify   'C:\\webdevmin1\\localvibe_client_complete\\localvibe-client\\node_modules\\@rollup\\rollup-linux-riscv64-gnu'
35 silly reify ]
36 verbose reify failed optional dependency C:\webdevmin1\localvibe_client_complete\localvibe-client\node_modules\@rollup\rollup-linux-ppc64-musl
37 silly reify mark deleted [
37 silly reify   'C:\\webdevmin1\\localvibe_client_complete\\localvibe-client\\node_modules\\@rollup\\rollup-linux-ppc64-musl'
37 silly reify ]
38 verbose reify failed optional dependency C:\webdevmin1\localvibe_client_complete\localvibe-client\node_modules\@rollup\rollup-linux-ppc64-gnu
39 silly reify mark deleted [
39 silly reify   'C:\\webdevmin1\\localvibe_client_complete\\localvibe-client\\node_modules\\@rollup\\rollup-linux-ppc64-gnu'
39 silly reify ]
40 verbose reify failed optional dependency C:\webdevmin1\localvibe_client_complete\localvibe-client\node_modules\@rollup\rollup-linux-loong64-musl
41 silly reify mark deleted [
41 silly reify   'C:\\webdevmin1\\localvibe_client_complete\\localvibe-client\\node_modules\\@rollup\\rollup-linux-loong64-musl'
41 silly reify ]
42 verbose reify failed optional dependency C:\webdevmin1\localvibe_client_complete\localvibe-client\node_modules\@rollup\rollup-linux-loong64-gnu
43 silly reify mark deleted [
43 silly reify   'C:\\webdevmin1\\localvibe_client_complete\\localvibe-client\\node_modules\\@rollup\\rollup-linux-loong64-gnu'
43 silly reify ]
44 verbose reify failed optional dependency C:\webdevmin1\localvibe_client_complete\localvibe-client\node_modules\@rollup\rollup-linux-arm64-musl
45 silly reify mark deleted [
45 silly reify   'C:\\webdevmin1\\localvibe_client_complete\\localvibe-client\\node_modules\\@rollup\\rollup-linux-arm64-musl'
45 silly reify ]
46 verbose reify failed optional dependency C:\webdevmin1\localvibe_client_complete\localvibe-client\node_modules\@rollup\rollup-linux-arm64-gnu
47 silly reify mark deleted [
47 silly reify   'C:\\webdevmin1\\localvibe_client_complete\\localvibe-client\\node_modules\\@rollup\\rollup-linux-arm64-gnu'
47 silly reify ]
48 verbose reify failed optional dependency C:\webdevmin1\localvibe_client_complete\localvibe-client\node_modules\@rollup\rollup-linux-arm-musleabihf
49 silly reify mark deleted [
49 silly reify   'C:\\webdevmin1\\localvibe_client_complete\\localvibe-client\\node_modules\\@rollup\\rollup-linux-arm-musleabihf'
49 silly reify ]
50 verbose reify failed optional dependency C:\webdevmin1\localvibe_client_complete\localvibe-client\node_modules\@rollup\rollup-linux-arm-gnueabihf
51 silly reify mark deleted [
51 silly reify   'C:\\webdevmin1\\localvibe_client_complete\\localvibe-client\\node_modules\\@rollup\\rollup-linux-arm-gnueabihf'
51 silly reify ]
52 verbose reify failed optional dependency C:\webdevmin1\localvibe_client_complete\localvibe-client\node_modules\@rollup\rollup-freebsd-x64
53 silly reify mark deleted [
53 silly reify   'C:\\webdevmin1\\localvibe_client_complete\\localvibe-client\\node_modules\\@rollup\\rollup-freebsd-x64'
53 silly reify ]
54 verbose reify failed optional dependency C:\webdevmin1\localvibe_client_complete\localvibe-client\node_modules\@rollup\rollup-freebsd-arm64
55 silly reify mark deleted [
55 silly reify   'C:\\webdevmin1\\localvibe_client_complete\\localvibe-client\\node_modules\\@rollup\\rollup-freebsd-arm64'
55 silly reify ]
56 verbose reify failed optional dependency C:\webdevmin1\localvibe_client_complete\localvibe-client\node_modules\@rollup\rollup-darwin-x64
57 silly reify mark deleted [
57 silly reify   'C:\\webdevmin1\\localvibe_client_complete\\localvibe-client\\node_modules\\@rollup\\rollup-darwin-x64'
57 silly reify ]
58 verbose reify failed optional dependency C:\webdevmin1\localvibe_client_complete\localvibe-client\node_modules\@rollup\rollup-darwin-arm64
59 silly reify mark deleted [
59 silly reify   'C:\\webdevmin1\\localvibe_client_complete\\localvibe-client\\node_modules\\@rollup\\rollup-darwin-arm64'
59 silly reify ]
60 verbose reify failed optional dependency C:\webdevmin1\localvibe_client_complete\localvibe-client\node_modules\@rollup\rollup-android-arm64
61 silly reify mark deleted [
61 silly reify   'C:\\webdevmin1\\localvibe_client_complete\\localvibe-client\\node_modules\\@rollup\\rollup-android-arm64'
61 silly reify ]
62 verbose reify failed optional dependency C:\webdevmin1\localvibe_client_complete\localvibe-client\node_modules\@rollup\rollup-android-arm-eabi
63 silly reify mark deleted [
63 silly reify   'C:\\webdevmin1\\localvibe_client_complete\\localvibe-client\\node_modules\\@rollup\\rollup-android-arm-eabi'
63 silly reify ]
64 verbose reify failed optional dependency C:\webdevmin1\localvibe_client_complete\localvibe-client\node_modules\@esbuild\win32-ia32
65 silly reify mark deleted [
65 silly reify   'C:\\webdevmin1\\localvibe_client_complete\\localvibe-client\\node_modules\\@esbuild\\win32-ia32'
65 silly reify ]
66 verbose reify failed optional dependency C:\webdevmin1\localvibe_client_complete\localvibe-client\node_modules\@esbuild\win32-arm64
67 silly reify mark deleted [
67 silly reify   'C:\\webdevmin1\\localvibe_client_complete\\localvibe-client\\node_modules\\@esbuild\\win32-arm64'
67 silly reify ]
68 verbose reify failed optional dependency C:\webdevmin1\localvibe_client_complete\localvibe-client\node_modules\@esbuild\sunos-x64
69 silly reify mark deleted [
69 silly reify   'C:\\webdevmin1\\localvibe_client_complete\\localvibe-client\\node_modules\\@esbuild\\sunos-x64'
69 silly reify ]
70 verbose reify failed optional dependency C:\webdevmin1\localvibe_client_complete\localvibe-client\node_modules\@esbuild\openharmony-arm64
71 silly reify mark deleted [
71 silly reify   'C:\\webdevmin1\\localvibe_client_complete\\localvibe-client\\node_modules\\@esbuild\\openharmony-arm64'
71 silly reify ]
72 verbose reify failed optional dependency C:\webdevmin1\localvibe_client_complete\localvibe-client\node_modules\@esbuild\openbsd-x64
73 silly reify mark deleted [
73 silly reify   'C:\\webdevmin1\\localvibe_client_complete\\localvibe-client\\node_modules\\@esbuild\\openbsd-x64'
73 silly reify ]
74 verbose reify failed optional dependency C:\webdevmin1\localvibe_client_complete\localvibe-client\node_modules\@esbuild\openbsd-arm64
75 silly reify mark deleted [
75 silly reify   'C:\\webdevmin1\\localvibe_client_complete\\localvibe-client\\node_modules\\@esbuild\\openbsd-arm64'
75 silly reify ]
76 verbose reify failed optional dependency C:\webdevmin1\localvibe_client_complete\localvibe-client\node_modules\@esbuild\netbsd-x64
77 silly reify mark deleted [
77 silly reify   'C:\\webdevmin1\\localvibe_client_complete\\localvibe-client\\node_modules\\@esbuild\\netbsd-x64'
77 silly reify ]
78 verbose reify failed optional dependency C:\webdevmin1\localvibe_client_complete\localvibe-client\node_modules\@esbuild\netbsd-arm64
79 silly reify mark deleted [
79 silly reify   'C:\\webdevmin1\\localvibe_client_complete\\localvibe-client\\node_modules\\@esbuild\\netbsd-arm64'
79 silly reify ]
80 verbose reify failed optional dependency C:\webdevmin1\localvibe_client_complete\localvibe-client\node_modules\@esbuild\linux-x64
81 silly reify mark deleted [
81 silly reify   'C:\\webdevmin1\\localvibe_client_complete\\localvibe-client\\node_modules\\@esbuild\\linux-x64'
81 silly reify ]
82 verbose reify failed optional dependency C:\webdevmin1\localvibe_client_complete\localvibe-client\node_modules\@esbuild\linux-s390x
83 silly reify mark deleted [
83 silly reify   'C:\\webdevmin1\\localvibe_client_complete\\localvibe-client\\node_modules\\@esbuild\\linux-s390x'
83 silly reify ]
84 verbose reify failed optional dependency C:\webdevmin1\localvibe_client_complete\localvibe-client\node_modules\@esbuild\linux-riscv64
85 silly reify mark deleted [
85 silly reify   'C:\\webdevmin1\\localvibe_client_complete\\localvibe-client\\node_modules\\@esbuild\\linux-riscv64'
85 silly reify ]
86 verbose reify failed optional dependency C:\webdevmin1\localvibe_client_complete\localvibe-client\node_modules\@esbuild\linux-ppc64
87 silly reify mark deleted [
87 silly reify   'C:\\webdevmin1\\localvibe_client_complete\\localvibe-client\\node_modules\\@esbuild\\linux-ppc64'
87 silly reify ]
88 verbose reify failed optional dependency C:\webdevmin1\localvibe_client_complete\localvibe-client\node_modules\@esbuild\linux-mips64el
89 silly reify mark deleted [
89 silly reify   'C:\\webdevmin1\\localvibe_client_complete\\localvibe-client\\node_modules\\@esbuild\\linux-mips64el'
89 silly reify ]
90 verbose reify failed optional dependency C:\webdevmin1\localvibe_client_complete\localvibe-client\node_modules\@esbuild\linux-loong64
91 silly reify mark deleted [
91 silly reify   'C:\\webdevmin1\\localvibe_client_complete\\localvibe-client\\node_modules\\@esbuild\\linux-loong64'
91 silly reify ]
92 verbose reify failed optional dependency C:\webdevmin1\localvibe_client_complete\localvibe-client\node_modules\@esbuild\linux-ia32
93 silly reify mark deleted [
93 silly reify   'C:\\webdevmin1\\localvibe_client_complete\\localvibe-client\\node_modules\\@esbuild\\linux-ia32'
93 silly reify ]
94 verbose reify failed optional dependency C:\webdevmin1\localvibe_client_complete\localvibe-client\node_modules\@esbuild\linux-arm64
95 silly reify mark deleted [
95 silly reify   'C:\\webdevmin1\\localvibe_client_complete\\localvibe-client\\node_modules\\@esbuild\\linux-arm64'
95 silly reify ]
96 verbose reify failed optional dependency C:\webdevmin1\localvibe_client_complete\localvibe-client\node_modules\@esbuild\linux-arm
97 silly reify mark deleted [
97 silly reify   'C:\\webdevmin1\\localvibe_client_complete\\localvibe-client\\node_modules\\@esbuild\\linux-arm'
97 silly reify ]
98 verbose reify failed optional dependency C:\webdevmin1\localvibe_client_complete\localvibe-client\node_modules\@esbuild\freebsd-x64
99 silly reify mark deleted [
99 silly reify   'C:\\webdevmin1\\localvibe_client_complete\\localvibe-client\\node_modules\\@esbuild\\freebsd-x64'
99 silly reify ]
100 verbose reify failed optional dependency C:\webdevmin1\localvibe_client_complete\localvibe-client\node_modules\@esbuild\freebsd-arm64
101 silly reify mark deleted [
101 silly reify   'C:\\webdevmin1\\localvibe_client_complete\\localvibe-client\\node_modules\\@esbuild\\freebsd-arm64'
101 silly reify ]
102 verbose reify failed optional dependency C:\webdevmin1\localvibe_client_complete\localvibe-client\node_modules\@esbuild\darwin-x64
103 silly reify mark deleted [
103 silly reify   'C:\\webdevmin1\\localvibe_client_complete\\localvibe-client\\node_modules\\@esbuild\\darwin-x64'
103 silly reify ]
104 verbose reify failed optional dependency C:\webdevmin1\localvibe_client_complete\localvibe-client\node_modules\@esbuild\darwin-arm64
105 silly reify mark deleted [
105 silly reify   'C:\\webdevmin1\\localvibe_client_complete\\localvibe-client\\node_modules\\@esbuild\\darwin-arm64'
105 silly reify ]
106 verbose reify failed optional dependency C:\webdevmin1\localvibe_client_complete\localvibe-client\node_modules\@esbuild\android-x64
107 silly reify mark deleted [
107 silly reify   'C:\\webdevmin1\\localvibe_client_complete\\localvibe-client\\node_modules\\@esbuild\\android-x64'
107 silly reify ]
108 verbose reify failed optional dependency C:\webdevmin1\localvibe_client_complete\localvibe-client\node_modules\@esbuild\android-arm64
109 silly reify mark deleted [
109 silly reify   'C:\\webdevmin1\\localvibe_client_complete\\localvibe-client\\node_modules\\@esbuild\\android-arm64'
109 silly reify ]
110 verbose reify failed optional dependency C:\webdevmin1\localvibe_client_complete\localvibe-client\node_modules\@esbuild\android-arm
111 silly reify mark deleted [
111 silly reify   'C:\\webdevmin1\\localvibe_client_complete\\localvibe-client\\node_modules\\@esbuild\\android-arm'
111 silly reify ]
112 verbose reify failed optional dependency C:\webdevmin1\localvibe_client_complete\localvibe-client\node_modules\@esbuild\aix-ppc64
113 silly reify mark deleted [
113 silly reify   'C:\\webdevmin1\\localvibe_client_complete\\localvibe-client\\node_modules\\@esbuild\\aix-ppc64'
113 silly reify ]
114 http fetch POST 200 https://registry.npmjs.org/-/npm/v1/security/advisories/bulk 3164ms
115 silly audit report {}
116 info run esbuild@0.27.3 postinstall node_modules/esbuild node install.js
117 info run esbuild@0.27.3 postinstall { code: 'ENOENT', signal: undefined }
118 verbose stack Error: spawn C:\WINDOWS/System32 ENOENT
118 verbose stack     at ChildProcess._handle.onexit (node:internal/child_process:285:19)
118 verbose stack     at onErrorNT (node:internal/child_process:483:16)
118 verbose stack     at process.processTicksAndRejections (node:internal/process/task_queues:82:21)
119 verbose pkgid esbuild@0.27.3
120 error code ENOENT
121 error syscall spawn C:\WINDOWS/System32
122 error path C:\webdevmin1\localvibe_client_complete\localvibe-client\node_modules\esbuild
123 error errno -4058
124 error enoent spawn C:\WINDOWS/System32 ENOENT
125 error enoent This is related to npm not being able to find a file.
125 error enoent
126 silly unfinished npm timer reify 1770672833552
127 silly unfinished npm timer reify:build 1770672856331
128 silly unfinished npm timer build 1770672856333
129 silly unfinished npm timer build:deps 1770672856334
130 silly unfinished npm timer build:run:postinstall 1770672856486
131 silly unfinished npm timer build:run:postinstall:node_modules/esbuild 1770672856486
132 verbose cwd C:\webdevmin1\localvibe_client_complete\localvibe-client
133 verbose os Windows_NT 10.0.26200
134 verbose node v20.20.0
135 verbose npm  v10.8.2
136 verbose exit -4058
137 verbose code -4058
138 error A complete log of this run can be found in: C:\webdevmin1\localvibe_client_complete\localvibe-client\.npm-cache\_logs\2026-02-09T21_33_52_397Z-debug-0.log
