0 verbose cli C:\Program Files\nodejs\node.exe C:\Program Files\nodejs\node_modules\npm\bin\npm-cli.js
1 info using npm@10.8.2
2 info using node@v20.20.0
3 silly config load:file:C:\Program Files\nodejs\node_modules\npm\npmrc
4 silly config load:file:C:\Users\Muska\.npmrc
5 silly config load:file:C:\Users\Muska\AppData\Roaming\npm\etc\npmrc
6 verbose title npm install npm@11.9.0
7 verbose argv "install" "--global" "npm@11.9.0"
8 verbose logfile logs-max:10 dir:C:\webdevmin1\localvibe_client_complete\localvibe-client\.npm-cache\_logs\2026-02-09T21_28_57_969Z-
9 verbose logfile C:\webdevmin1\localvibe_client_complete\localvibe-client\.npm-cache\_logs\2026-02-09T21_28_57_969Z-debug-0.log
10 silly logfile done cleaning log files
11 http fetch GET 200 https://registry.npmjs.org/npm 938ms (cache miss)
12 silly packumentCache heap:2197815296 maxSize:549453824 maxEntrySize:274726912
13 silly idealTree buildDeps
14 silly fetch manifest npm@11.9.0
15 silly packumentCache full:https://registry.npmjs.org/npm cache-miss
16 http fetch GET 200 https://registry.npmjs.org/npm 892ms (cache miss)
17 silly packumentCache full:https://registry.npmjs.org/npm set size:undefined disposed:false
18 silly placeDep ROOT npm@11.9.0 OK for:  want: 11.9.0
19 silly reify moves {}
20 silly tarball no local data for npm@https://registry.npmjs.org/npm/-/npm-11.9.0.tgz. Extracting by manifest.
21 http fetch GET 200 https://registry.npmjs.org/npm/-/npm-11.9.0.tgz 5965ms (cache miss)
22 silly ADD node_modules/npm
23 verbose cwd C:\webdevmin1\localvibe_client_complete\localvibe-client
24 verbose os Windows_NT 10.0.26200
25 verbose node v20.20.0
26 verbose npm  v10.8.2
27 verbose exit 0
28 info ok
